Archive member included to satisfy reference by file (symbol)

d:/Zhimeng/Software/MaximSDK/Libraries/PeriphDrivers/bin/MAX78000/softfp/libPeriphDriver_softfp.a(mxc_delay.o)
                              d:/Zhimeng/Software/MaximSDK/Examples/MAX78000/CNN/yolov1_demo3/build/main_faceid.o (MXC_Delay)
d:/Zhimeng/Software/MaximSDK/Libraries/PeriphDrivers/bin/MAX78000/softfp/libPeriphDriver_softfp.a(pins_ai85.o)
                              d:/Zhimeng/Software/MaximSDK/Examples/MAX78000/CNN/yolov1_demo3/build/camera.o (gpio_cfg_pcif_xclk)
d:/Zhimeng/Software/MaximSDK/Libraries/PeriphDrivers/bin/MAX78000/softfp/libPeriphDriver_softfp.a(sys_ai85.o)
                              d:/Zhimeng/Software/MaximSDK/Examples/MAX78000/CNN/yolov1_demo3/build/cnn.o (MXC_SYS_ClockDisable)
d:/Zhimeng/Software/MaximSDK/Libraries/PeriphDrivers/bin/MAX78000/softfp/libPeriphDriver_softfp.a(nvic_table.o)
                              d:/Zhimeng/Software/MaximSDK/Examples/MAX78000/CNN/yolov1_demo3/build/cnn.o (NVIC_SetVector)
d:/Zhimeng/Software/MaximSDK/Libraries/PeriphDrivers/bin/MAX78000/softfp/libPeriphDriver_softfp.a(cameraif_ai85.o)
                              d:/Zhimeng/Software/MaximSDK/Examples/MAX78000/CNN/yolov1_demo3/build/camera.o (MXC_PCIF_Init)
d:/Zhimeng/Software/MaximSDK/Libraries/PeriphDrivers/bin/MAX78000/softfp/libPeriphDriver_softfp.a(cameraif_reva.o)
                              d:/Zhimeng/Software/MaximSDK/Libraries/PeriphDrivers/bin/MAX78000/softfp/libPeriphDriver_softfp.a(cameraif_ai85.o) (MXC_PCIF_RevA_SetDatawidth)
d:/Zhimeng/Software/MaximSDK/Libraries/PeriphDrivers/bin/MAX78000/softfp/libPeriphDriver_softfp.a(gpio_ai85.o)
                              d:/Zhimeng/Software/MaximSDK/Examples/MAX78000/CNN/yolov1_demo3/build/cnn.o (MXC_GPIO_Config)
d:/Zhimeng/Software/MaximSDK/Libraries/PeriphDrivers/bin/MAX78000/softfp/libPeriphDriver_softfp.a(gpio_reva.o)
                              d:/Zhimeng/Software/MaximSDK/Libraries/PeriphDrivers/bin/MAX78000/softfp/libPeriphDriver_softfp.a(gpio_ai85.o) (MXC_GPIO_RevA_InGet)
d:/Zhimeng/Software/MaximSDK/Libraries/PeriphDrivers/bin/MAX78000/softfp/libPeriphDriver_softfp.a(icc_me17.o)
                              d:/Zhimeng/Software/MaximSDK/Examples/MAX78000/CNN/yolov1_demo3/build/main_faceid.o (MXC_ICC_Enable)
d:/Zhimeng/Software/MaximSDK/Libraries/PeriphDrivers/bin/MAX78000/softfp/libPeriphDriver_softfp.a(icc_reva.o)
                              d:/Zhimeng/Software/MaximSDK/Libraries/PeriphDrivers/bin/MAX78000/softfp/libPeriphDriver_softfp.a(icc_me17.o) (MXC_ICC_RevA_ID)
d:/Zhimeng/Software/MaximSDK/Libraries/PeriphDrivers/bin/MAX78000/softfp/libPeriphDriver_softfp.a(pt_me17.o)
                              d:/Zhimeng/Software/MaximSDK/Examples/MAX78000/CNN/yolov1_demo3/build/camera.o (MXC_PT_Init)
d:/Zhimeng/Software/MaximSDK/Libraries/PeriphDrivers/bin/MAX78000/softfp/libPeriphDriver_softfp.a(pt_reva.o)
                              d:/Zhimeng/Software/MaximSDK/Libraries/PeriphDrivers/bin/MAX78000/softfp/libPeriphDriver_softfp.a(pt_me17.o) (MXC_PT_RevA_Init)
d:/Zhimeng/Software/MaximSDK/Libraries/PeriphDrivers/bin/MAX78000/softfp/libPeriphDriver_softfp.a(rtc_me17.o)
                              d:/Zhimeng/Software/MaximSDK/Examples/MAX78000/CNN/yolov1_demo3/build/utils_faceid.o (MXC_RTC_GetSubSecond)
d:/Zhimeng/Software/MaximSDK/Libraries/PeriphDrivers/bin/MAX78000/softfp/libPeriphDriver_softfp.a(rtc_reva.o)
                              d:/Zhimeng/Software/MaximSDK/Libraries/PeriphDrivers/bin/MAX78000/softfp/libPeriphDriver_softfp.a(rtc_me17.o) (MXC_RTC_RevA_EnableInt)
d:/Zhimeng/Software/MaximSDK/Libraries/PeriphDrivers/bin/MAX78000/softfp/libPeriphDriver_softfp.a(spi_me17.o)
                              d:/Zhimeng/Software/MaximSDK/Examples/MAX78000/CNN/yolov1_demo3/build/tft.o (MXC_SPI_Init)
d:/Zhimeng/Software/MaximSDK/Libraries/PeriphDrivers/bin/MAX78000/softfp/libPeriphDriver_softfp.a(spi_reva.o)
                              d:/Zhimeng/Software/MaximSDK/Libraries/PeriphDrivers/bin/MAX78000/softfp/libPeriphDriver_softfp.a(spi_me17.o) (MXC_SPI_RevA_Init)
d:/Zhimeng/Software/MaximSDK/Libraries/PeriphDrivers/bin/MAX78000/softfp/libPeriphDriver_softfp.a(tmr_ai85.o)
                              d:/Zhimeng/Software/MaximSDK/Examples/MAX78000/CNN/yolov1_demo3/build/main_faceid.o (MXC_TMR_Delay)
d:/Zhimeng/Software/MaximSDK/Libraries/PeriphDrivers/bin/MAX78000/softfp/libPeriphDriver_softfp.a(tmr_revb.o)
                              d:/Zhimeng/Software/MaximSDK/Libraries/PeriphDrivers/bin/MAX78000/softfp/libPeriphDriver_softfp.a(tmr_ai85.o) (MXC_TMR_RevB_Init)
d:/Zhimeng/Software/MaximSDK/Libraries/PeriphDrivers/bin/MAX78000/softfp/libPeriphDriver_softfp.a(uart_ai85.o)
                              d:/Zhimeng/Software/MaximSDK/Examples/MAX78000/CNN/yolov1_demo3/build/board.o (MXC_UART_Shutdown)
d:/Zhimeng/Software/MaximSDK/Libraries/PeriphDrivers/bin/MAX78000/softfp/libPeriphDriver_softfp.a(uart_common.o)
[...]
Memory Configuration

Name             Origin             Length             Attributes
ROM              0x00000000         0x00010000         xr
FLASH            0x10000000         0x00080000         xr
SRAM             0x20000000         0x00020000         xrw
*default*        0x00000000         0xffffffff

Linker script and memory map

LOAD d:/zhimeng/software/maximsdk/tools/gnutools/bin/../lib/gcc/arm-none-eabi/9.2.1/thumb/v7e-m+fp/softfp/crti.o
LOAD d:/zhimeng/software/maximsdk/tools/gnutools/bin/../lib/gcc/arm-none-eabi/9.2.1/thumb/v7e-m+fp/softfp/crtbegin.o
LOAD d:/zhimeng/software/maximsdk/tools/gnutools/bin/../lib/gcc/arm-none-eabi/9.2.1/../../../../arm-none-eabi/lib/thumb/v7e-m+fp/softfp/crt0.o
LOAD d:/Zhimeng/Software/MaximSDK/Examples/MAX78000/CNN/yolov1_demo3/build/main_faceid.o
LOAD d:/Zhimeng/Software/MaximSDK/Examples/MAX78000/CNN/yolov1_demo3/build/cnn.o
LOAD d:/Zhimeng/Software/MaximSDK/Examples/MAX78000/CNN/yolov1_demo3/build/utils_faceid.o
LOAD d:/Zhimeng/Software/MaximSDK/Examples/MAX78000/CNN/yolov1_demo3/build/sigmoid.o
LOAD d:/Zhimeng/Software/MaximSDK/Examples/MAX78000/CNN/yolov1_demo3/build/board.o
LOAD d:/Zhimeng/Software/MaximSDK/Examples/MAX78000/CNN/yolov1_demo3/build/stdio.o
LOAD d:/Zhimeng/Software/MaximSDK/Examples/MAX78000/CNN/yolov1_demo3/build/led.o
LOAD d:/Zhimeng/Software/MaximSDK/Examples/MAX78000/CNN/yolov1_demo3/build/pb.o
LOAD d:/Zhimeng/Software/MaximSDK/Examples/MAX78000/CNN/yolov1_demo3/build/tft.o
LOAD d:/Zhimeng/Software/MaximSDK/Examples/MAX78000/CNN/yolov1_demo3/build/touchscreen.o
LOAD d:/Zhimeng/Software/MaximSDK/Examples/MAX78000/CNN/yolov1_demo3/build/camera.o
LOAD d:/Zhimeng/Software/MaximSDK/Examples/MAX78000/CNN/yolov1_demo3/build/ov7692.o
LOAD d:/Zhimeng/Software/MaximSDK/Examples/MAX78000/CNN/yolov1_demo3/build/sccb.o
LOAD d:/Zhimeng/Software/MaximSDK/Examples/MAX78000/CNN/yolov1_demo3/build/startup_max78000.o
LOAD d:/Zhimeng/Software/MaximSDK/Examples/MAX78000/CNN/yolov1_demo3/build/heap.o
LOAD d:/Zhimeng/Software/MaximSDK/Examples/MAX78000/CNN/yolov1_demo3/build/system_max78000.o
START GROUP
LOAD d:/Zhimeng/Software/MaximSDK/Libraries/PeriphDrivers/bin/MAX78000/softfp/libPeriphDriver_softfp.a
LOAD d:/zhimeng/software/maximsdk/tools/gnutools/bin/../lib/gcc/arm-none-eabi/9.2.1/../../../../arm-none-eabi/lib/thumb/v7e-m+fp/softfp\libc.a
LOAD d:/zhimeng/software/maximsdk/tools/gnutools/bin/../lib/gcc/arm-none-eabi/9.2.1/../../../../arm-none-eabi/lib/thumb/v7e-m+fp/softfp\libm.a
LOAD d:/zhimeng/software/maximsdk/tools/gnutools/bin/../lib/gcc/arm-none-eabi/9.2.1/../../../../arm-none-eabi/lib/thumb/v7e-m+fp/softfp\libnosys.a
END GROUP
START GROUP
LOAD d:/zhimeng/software/maximsdk/tools/gnutools/bin/../lib/gcc/arm-none-eabi/9.2.1/thumb/v7e-m+fp/softfp\libgcc.a
LOAD d:/zhimeng/software/maximsdk/tools/gnutools/bin/../lib/gcc/arm-none-eabi/9.2.1/../../../../arm-none-eabi/lib/thumb/v7e-m+fp/softfp\libc.a
END GROUP
LOAD d:/zhimeng/software/maximsdk/tools/gnutools/bin/../lib/gcc/arm-none-eabi/9.2.1/thumb/v7e-m+fp/softfp/crtend.o
LOAD d:/zhimeng/software/maximsdk/tools/gnutools/bin/../lib/gcc/arm-none-eabi/9.2.1/thumb/v7e-m+fp/softfp/crtn.o

.rom
 *(.rom_vector)
 *(.rom_handlers*)

.text           0x10000000    0x59ee4
                0x10000000                _text = .
 *(.isr_vector)
 .isr_vector    0x10000000      0x1e0 d:/Zhimeng/Software/MaximSDK/Examples/MAX78000/CNN/yolov1_demo3/build/startup_max78000.o
                0x10000000                __isr_vector
 *(.text*)
 .text          0x100001e0       0x40 d:/zhimeng/software/maximsdk/tools/gnutools/bin/../lib/gcc/arm-none-eabi/9.2.1/thumb/v7e-m+fp/softfp/crtbegin.o
 .text.ConsoleUARTInit
                0x10000220       0x2c d:/Zhimeng/Software/MaximSDK/Examples/MAX78000/CNN/yolov1_demo3/build/main_faceid.o
                0x10000220                ConsoleUARTInit
 .text.fail     0x1000024c       0x10 d:/Zhimeng/Software/MaximSDK/Examples/MAX78000/CNN/yolov1_demo3/build/main_faceid.o
                0x1000024c                fail
 .text.cnn_wait
                0x1000025c       0x18 d:/Zhimeng/Software/MaximSDK/Examples/MAX78000/CNN/yolov1_demo3/build/main_faceid.o
                0x1000025c                cnn_wait
 .text.cnn_load
                0x10000274       0x22 d:/Zhimeng/Software/MaximSDK/Examples/MAX78000/CNN/yolov1_demo3/build/main_faceid.o
                0x10000274                cnn_load
 *fill*         0x10000296        0x2 
 .text.main     0x10000298      0x25c d:/Zhimeng/Software/MaximSDK/Examples/MAX78000/CNN/yolov1_demo3/build/main_faceid.o
                0x10000298                main
 .text.memcpy_8to32
                0x100004f4       0x14 d:/Zhimeng/Software/MaximSDK/Examples/MAX78000/CNN/yolov1_demo3/build/cnn.o
 .text.CNN_ISR  0x10000508       0x60 d:/Zhimeng/Software/MaximSDK/Examples/MAX78000/CNN/yolov1_demo3/build/cnn.o
                0x10000508                CNN_ISR
 .text.memcpy32
                0x10000568       0x1a d:/Zhimeng/Software/MaximSDK/Examples/MAX78000/CNN/yolov1_demo3/build/cnn.o
                0x10000568                memcpy32
 *fill*         0x10000582        0x2 
 .text.cnn_load_weights
                0x10000584      0x70c d:/Zhimeng/Software/MaximSDK/Examples/MAX78000/CNN/yolov1_demo3/build/cnn.o
                0x10000584                cnn_load_weights
 .text.cnn_load_bias
                0x10000c90       0x50 d:/Zhimeng/Software/MaximSDK/Examples/MAX78000/CNN/yolov1_demo3/build/cnn.o
                0x10000c90                cnn_load_bias
 .text.cnn_init
                0x10000ce0       0x64 d:/Zhimeng/Software/MaximSDK/Examples/MAX78000/CNN/yolov1_demo3/build/cnn.o
                0x10000ce0                cnn_init
 .text.cnn_configure
                0x10000d44     0x2460 d:/Zhimeng/Software/MaximSDK/Examples/MAX78000/CNN/yolov1_demo3/build/cnn.o
                0x10000d44                cnn_configure
 .text.cnn_start
                0x100031a4       0x4c d:/Zhimeng/Software/MaximSDK/Examples/MAX78000/CNN/yolov1_demo3/build/cnn.o
                0x100031a4                cnn_start
 .text.cnn_unload
                0x100031f0      0x19c d:/Zhimeng/Software/MaximSDK/Examples/MAX78000/CNN/yolov1_demo3/build/cnn.o
                0x100031f0                cnn_unload
 .text.cnn_enable
                0x1000338c       0x3c d:/Zhimeng/Software/MaximSDK/Examples/MAX78000/CNN/yolov1_demo3/build/cnn.o
                0x1000338c                cnn_enable
 .text.uart_write
                0x100033c8       0x28 d:/Zhimeng/Software/MaximSDK/Examples/MAX78000/CNN/yolov1_demo3/build/utils_faceid.o
                0x100033c8                uart_write
 .text.uart_read
                0x100033f0       0x28 d:/Zhimeng/Software/MaximSDK/Examples/MAX78000/CNN/yolov1_demo3/build/utils_faceid.o
                0x100033f0                uart_read
 .text.wait_for_feedback
                0x10003418       0x44 d:/Zhimeng/Software/MaximSDK/Examples/MAX78000/CNN/yolov1_demo3/build/utils_faceid.o
                0x10003418                wait_for_feedback
 .text.load_input_serial
                0x1000345c       0x48 d:/Zhimeng/Software/MaximSDK/Examples/MAX78000/CNN/yolov1_demo3/build/utils_faceid.o
                0x1000345c                load_input_serial
 .text.NMS_max  0x100034a4      0x1e0 d:/Zhimeng/Software/MaximSDK/Examples/MAX78000/CNN/yolov1_demo3/build/utils_faceid.o
                0x100034a4                NMS_max
 .text.cus_cnn_unload
                0x10003684      0x13c d:/Zhimeng/Software/MaximSDK/Examples/MAX78000/CNN/yolov1_demo3/build/utils_faceid.o
                0x10003684                cus_cnn_unload
 .text.q_div    0x100037c0       0x32 d:/Zhimeng/Software/MaximSDK/Examples/MAX78000/CNN/yolov1_demo3/build/sigmoid.o
                0x100037c0                q_div
 .text.q_mul    0x100037f2       0x46 d:/Zhimeng/Software/MaximSDK/Examples/MAX78000/CNN/yolov1_demo3/build/sigmoid.o
                0x100037f2                q_mul
 .text.sigmoid  0x10003838       0x48 d:/Zhimeng/Software/MaximSDK/Examples/MAX78000/CNN/yolov1_demo3/build/sigmoid.o
                0x10003838                sigmoid
 .text.mxc_assert
                0x10003880       0x10 d:/Zhimeng/Software/MaximSDK/Examples/MAX78000/CNN/yolov1_demo3/build/board.o
                0x10003880                mxc_assert
 .text.Console_Init
                0x10003890       0x18 d:/Zhimeng/Software/MaximSDK/Examples/MAX78000/CNN/yolov1_demo3/build/board.o
                0x10003890                Console_Init
 .text.Board_Init
                0x100038a8       0x64 d:/Zhimeng/Software/MaximSDK/Examples/MAX78000/CNN/yolov1_demo3/build/board.o
                0x100038a8                Board_Init
 .text.NMI_Handler
                0x1000390c        0x4 d:/Zhimeng/Software/MaximSDK/Examples/MAX78000/CNN/yolov1_demo3/build/board.o
                0x1000390c                NMI_Handler
 .text._close   0x10003910        0x6 d:/Zhimeng/Software/MaximSDK/Examples/MAX78000/CNN/yolov1_demo3/build/stdio.o
                0x10003910                _close
 .text._isatty  0x10003916        0x6 d:/Zhimeng/Software/MaximSDK/Examples/MAX78000/CNN/yolov1_demo3/build/stdio.o
                0x10003916                _isatty
 .text._lseek   0x1000391c        0x6 d:/Zhimeng/Software/MaximSDK/Examples/MAX78000/CNN/yolov1_demo3/build/stdio.o
                0x1000391c                _lseek
 .text._fstat   0x10003922        0x6 d:/Zhimeng/Software/MaximSDK/Examples/MAX78000/CNN/yolov1_demo3/build/stdio.o
                0x10003922                _fstat
 .text._read    0x10003928       0x54 d:/Zhimeng/Software/MaximSDK/Examples/MAX78000/CNN/yolov1_demo3/build/stdio.o
                0x10003928                _read
 .text._write   0x1000397c       0x54 d:/Zhimeng/Software/MaximSDK/Examples/MAX78000/CNN/yolov1_demo3/build/stdio.o
                0x1000397c                _write
 .text.LED_On   0x100039d0       0x44 d:/Zhimeng/Software/MaximSDK/Examples/MAX78000/CNN/yolov1_demo3/build/led.o
                0x100039d0                LED_On
 .text.LED_Off  0x10003a14       0x44 d:/Zhimeng/Software/MaximSDK/Examples/MAX78000/CNN/yolov1_demo3/build/led.o
                0x10003a14                LED_Off
 .text.LED_Init
                0x10003a58       0x3c d:/Zhimeng/Software/MaximSDK/Examples/MAX78000/CNN/yolov1_demo3/build/led.o
                0x10003a58                LED_Init
 .text.PB_Init  0x10003a94       0x38 d:/Zhimeng/Software/MaximSDK/Examples/MAX78000/CNN/yolov1_demo3/build/pb.o
                0x10003a94                PB_Init
 .text.GPIO0_IRQHandler
                0x10003acc        0xa d:/Zhimeng/Software/MaximSDK/Examples/MAX78000/CNN/yolov1_demo3/build/pb.o
                0x10003acc                GPIO0_IRQHandler
 .text.GPIO1_IRQHandler
                0x10003ad6        0xa d:/Zhimeng/Software/MaximSDK/Examples/MAX78000/CNN/yolov1_demo3/build/pb.o
                0x10003ad6                GPIO1_IRQHandler
 .text.GPIO2_IRQHandler
                0x10003ae0        0xa d:/Zhimeng/Software/MaximSDK/Examples/MAX78000/CNN/yolov1_demo3/build/pb.o
                0x10003ae0                GPIO2_IRQHandler
 *fill*         0x10003aea        0x2 
 .text          0x10003aec      0x148 d:/Zhimeng/Software/MaximSDK/Examples/MAX78000/CNN/yolov1_demo3/build/startup_max78000.o
                0x10003aec                Reset_Handler
                0x10003b2a                HardFault_Handler
                0x10003b2c                MemManage_Handler
                0x10003b2e                BusFault_Handler
                0x10003b30                UsageFault_Handler
                0x10003b32                SVC_Handler
                0x10003b34                DebugMon_Handler
                0x10003b36                PendSV_Handler
                0x10003b38                SysTick_Handler
                0x10003b3a                Default_Handler
                0x10003b3c                PF_IRQHandler
                0x10003b3e                WDT0_IRQHandler
                0x10003b40                RSV02_IRQHandler
                0x10003b42                RTC_IRQHandler
                0x10003b44                TRNG_IRQHandler
                0x10003b46                TMR0_IRQHandler
                0x10003b48                TMR1_IRQHandler
                0x10003b4a                TMR2_IRQHandler
                0x10003b4c                TMR3_IRQHandler
                0x10003b4e                TMR4_IRQHandler
                0x10003b50                TMR5_IRQHandler
                0x10003b52                RSV11_IRQHandler
                0x10003b54                RSV12_IRQHandler
                0x10003b56                I2C0_IRQHandler
                0x10003b58                UART0_IRQHandler
                0x10003b5a                UART1_IRQHandler
                0x10003b5c                SPI1_IRQHandler
                0x10003b5e                RSV17_IRQHandler
                0x10003b60                RSV18_IRQHandler
                0x10003b62                RSV19_IRQHandler
                0x10003b64                ADC_IRQHandler
                0x10003b66                RSV21_IRQHandler
                0x10003b68                RSV22_IRQHandler
                0x10003b6a                FLC0_IRQHandler
                0x10003b72                RSV27_IRQHandler
                0x10003b74                DMA0_IRQHandler
                0x10003b76                DMA1_IRQHandler
                0x10003b78                DMA2_IRQHandler
                0x10003b7a                DMA3_IRQHandler
                0x10003b7c                RSV32_IRQHandler
                0x10003b7e                RSV33_IRQHandler
                0x10003b80                UART2_IRQHandler
                0x10003b82                RSV35_IRQHandler
                0x10003b84                I2C1_IRQHandler
                0x10003b86                RSV37_IRQHandler
                0x10003b88                RSV38_IRQHandler
                0x10003b8a                RSV39_IRQHandler
                0x10003b8c                RSV40_IRQHandler
                0x10003b8e                RSV41_IRQHandler
                0x10003b90                RSV42_IRQHandler
                0x10003b92                RSV43_IRQHandler
                0x10003b94                RSV44_IRQHandler
                0x10003b96                RSV45_IRQHandler
                0x10003b98                RSV46_IRQHandler
                0x10003b9a                RSV47_IRQHandler
                0x10003b9c                RSV48_IRQHandler
                0x10003b9e                RSV49_IRQHandler
                0x10003ba0                RSV50_IRQHandler
                0x10003ba2                RSV51_IRQHandler
                0x10003ba4                RSV52_IRQHandler
                0x10003ba6                WUT_IRQHandler
                0x10003ba8                GPIOWAKE_IRQHandler
                0x10003baa                RSV55_IRQHandler
                0x10003bac                SPI0_IRQHandler
                0x10003bae                WDT1_IRQHandler
                0x10003bb0                RSV58_IRQHandler
                0x10003bb2                PT_IRQHandler
                0x10003bb4                RSV60_IRQHandler
                0x10003bb6                RSV61_IRQHandler
                0x10003bb8                I2C2_IRQHandler
                0x10003bba                RISCV_IRQHandler
                0x10003bbc                RSV64_IRQHandler
                0x10003bbe                RSV65_IRQHandler
                0x10003bc0                RSV66_IRQHandler
                0x10003bc2                OWM_IRQHandler
                0x10003bc4                RSV68_IRQHandler
                0x10003bc6                RSV69_IRQHandler
                0x10003bc8                RSV70_IRQHandler
                0x10003bca                RSV71_IRQHandler
                0x10003bcc                RSV72_IRQHandler
                0x10003bce                RSV73_IRQHandler
                0x10003bd0                RSV74_IRQHandler
                0x10003bd2                RSV75_IRQHandler
                0x10003bd4                RSV76_IRQHandler
                0x10003bd6                RSV77_IRQHandler
                0x10003bd8                RSV78_IRQHandler
                0x10003bda                RSV79_IRQHandler
                0x10003bdc                RSV80_IRQHandler
                0x10003bde                RSV81_IRQHandler
                0x10003be0                ECC_IRQHandler
                0x10003be2                DVS_IRQHandler
                0x10003be4                SIMO_IRQHandler
                0x10003be6                RSV85_IRQHandler
                0x10003be8                RSV86_IRQHandler
                0x10003bea                RSV87_IRQHandler
                0x10003bec                UART3_IRQHandler
                0x10003bee                RSV89_IRQHandler
                0x10003bf0                RSV90_IRQHandler
                0x10003bf2                PCIF_IRQHandler
                0x10003bf4                RSV92_IRQHandler
                0x10003bf6                RSV93_IRQHandler
                0x10003bf8                RSV94_IRQHandler
                0x10003bfa                RSV95_IRQHandler
                0x10003bfc                RSV96_IRQHandler
                0x10003bfe                AES_IRQHandler
                0x10003c00                RSV98_IRQHandler
                0x10003c02                I2S_IRQHandler
                0x10003c04                CNN_FIFO_IRQHandler
                0x10003c06                CNN_IRQHandler
                0x10003c08                RSV102_IRQHandler
                0x10003c0a                LPCMP_IRQHandler
 .text._sbrk    0x10003c34       0x40 d:/Zhimeng/Software/MaximSDK/Examples/MAX78000/CNN/yolov1_demo3/build/heap.o
                0x10003c34                _sbrk
 .text.SystemCoreClockUpdate
                0x10003c74       0x78 d:/Zhimeng/Software/MaximSDK/Examples/MAX78000/CNN/yolov1_demo3/build/system_max78000.o
                0x10003c74                SystemCoreClockUpdate
 .text.PreInit  0x10003cec        0x4 d:/Zhimeng/Software/MaximSDK/Examples/MAX78000/CNN/yolov1_demo3/build/system_max78000.o
                0x10003cec                PreInit
 .text.SystemInit
                0x10003cf0       0x30 d:/Zhimeng/Software/MaximSDK/Examples/MAX78000/CNN/yolov1_demo3/build/system_max78000.o
                0x10003cf0                SystemInit
 .text.MXC_DelayInit
                0x10003d20       0x84 d:/Zhimeng/Software/MaximSDK/Libraries/PeriphDrivers/bin/MAX78000/softfp/libPeriphDriver_softfp.a(mxc_delay.o)
 .text.MXC_DelayAsync
                0x10003da4       0x44 d:/Zhimeng/Software/MaximSDK/Libraries/PeriphDrivers/bin/MAX78000/softfp/libPeriphDriver_softfp.a(mxc_delay.o)
                0x10003da4                MXC_DelayAsync
 .text.MXC_DelayAbort
                0x10003de8       0x38 d:/Zhimeng/Software/MaximSDK/Libraries/PeriphDrivers/bin/MAX78000/softfp/libPeriphDriver_softfp.a(mxc_delay.o)
                0x10003de8                MXC_DelayAbort
 .text.MXC_DelayCheck
                0x10003e20       0x68 d:/Zhimeng/Software/MaximSDK/Libraries/PeriphDrivers/bin/MAX78000/softfp/libPeriphDriver_softfp.a(mxc_delay.o)
                0x10003e20                MXC_DelayCheck
 .text.MXC_Delay
                0x10003e88       0x54 d:/Zhimeng/Software/MaximSDK/Libraries/PeriphDrivers/bin/MAX78000/softfp/libPeriphDriver_softfp.a(mxc_delay.o)
                0x10003e88                MXC_Delay
 .text.MXC_SYS_ClockDisable
                0x10003edc       0x48 d:/Zhimeng/Software/MaximSDK/Libraries/PeriphDrivers/bin/MAX78000/softfp/libPeriphDriver_softfp.a(sys_ai85.o)
                0x10003edc                MXC_SYS_ClockDisable
 .text.MXC_SYS_ClockEnable
                0x10003f24       0x50 d:/Zhimeng/Software/MaximSDK/Libraries/PeriphDrivers/bin/MAX78000/softfp/libPeriphDriver_softfp.a(sys_ai85.o)
                0x10003f24                MXC_SYS_ClockEnable
 .text.MXC_SYS_Clock_Timeout
                0x10003f74       0x30 d:/Zhimeng/Software/MaximSDK/Libraries/PeriphDrivers/bin/MAX78000/softfp/libPeriphDriver_softfp.a(sys_ai85.o)
                0x10003f74                MXC_SYS_Clock_Timeout
 .text.MXC_SYS_ClockSourceEnable
                0x10003fa4       0x80 d:/Zhimeng/Software/MaximSDK/Libraries/PeriphDrivers/bin/MAX78000/softfp/libPeriphDriver_softfp.a(sys_ai85.o)
                0x10003fa4                MXC_SYS_ClockSourceEnable
 .text.MXC_SYS_Clock_Select
                0x10004024      0x10e d:/Zhimeng/Software/MaximSDK/Libraries/PeriphDrivers/bin/MAX78000/softfp/libPeriphDriver_softfp.a(sys_ai85.o)
                0x10004024                MXC_SYS_Clock_Select
 *fill*         0x10004132        0x2 
 .text.MXC_SYS_Reset_Periph
                0x10004134       0x3c d:/Zhimeng/Software/MaximSDK/Libraries/PeriphDrivers/bin/MAX78000/softfp/libPeriphDriver_softfp.a(sys_ai85.o)
                0x10004134                MXC_SYS_Reset_Periph
 .text.NVIC_SetRAM
                0x10004170       0x24 d:/Zhimeng/Software/MaximSDK/Libraries/PeriphDrivers/bin/MAX78000/softfp/libPeriphDriver_softfp.a(nvic_table.o)
                0x10004170                NVIC_SetRAM
 .text.NVIC_SetVector
                0x10004194       0x40 d:/Zhimeng/Software/MaximSDK/Libraries/PeriphDrivers/bin/MAX78000/softfp/libPeriphDriver_softfp.a(nvic_table.o)
                0x10004194                NVIC_SetVector
 .text.MXC_GPIO_Init
                0x100041d4       0x30 d:/Zhimeng/Software/MaximSDK/Libraries/PeriphDrivers/bin/MAX78000/softfp/libPeriphDriver_softfp.a(gpio_ai85.o)
                0x100041d4                MXC_GPIO_Init
 .text.MXC_GPIO_Config
                0x10004204      0x1dc d:/Zhimeng/Software/MaximSDK/Libraries/PeriphDrivers/bin/MAX78000/softfp/libPeriphDriver_softfp.a(gpio_ai85.o)
                0x10004204                MXC_GPIO_Config
 .text.MXC_GPIO_OutSet
                0x100043e0       0x38 d:/Zhimeng/Software/MaximSDK/Libraries/PeriphDrivers/bin/MAX78000/softfp/libPeriphDriver_softfp.a(gpio_ai85.o)
                0x100043e0                MXC_GPIO_OutSet
 .text.MXC_GPIO_OutClr
                0x10004418       0x38 d:/Zhimeng/Software/MaximSDK/Libraries/PeriphDrivers/bin/MAX78000/softfp/libPeriphDriver_softfp.a(gpio_ai85.o)
                0x10004418                MXC_GPIO_OutClr
 .text.MXC_GPIO_Handler
                0x10004450        0x8 d:/Zhimeng/Software/MaximSDK/Libraries/PeriphDrivers/bin/MAX78000/softfp/libPeriphDriver_softfp.a(gpio_ai85.o)
                0x10004450                MXC_GPIO_Handler
 .text.MXC_GPIO_ClearFlags
                0x10004458        0x8 d:/Zhimeng/Software/MaximSDK/Libraries/PeriphDrivers/bin/MAX78000/softfp/libPeriphDriver_softfp.a(gpio_ai85.o)
                0x10004458                MXC_GPIO_ClearFlags
 .text.MXC_GPIO_GetFlags
                0x10004460        0x8 d:/Zhimeng/Software/MaximSDK/Libraries/PeriphDrivers/bin/MAX78000/softfp/libPeriphDriver_softfp.a(gpio_ai85.o)
                0x10004460                MXC_GPIO_GetFlags
 .text.MXC_GPIO_RevA_OutSet
                0x10004468        0x4 d:/Zhimeng/Software/MaximSDK/Libraries/PeriphDrivers/bin/MAX78000/softfp/libPeriphDriver_softfp.a(gpio_reva.o)
                0x10004468                MXC_GPIO_RevA_OutSet
 .text.MXC_GPIO_RevA_OutClr
                0x1000446c        0x4 d:/Zhimeng/Software/MaximSDK/Libraries/PeriphDrivers/bin/MAX78000/softfp/libPeriphDriver_softfp.a(gpio_reva.o)
                0x1000446c                MXC_GPIO_RevA_OutClr
 .text.MXC_GPIO_RevA_ClearFlags
                0x10004470        0x4 d:/Zhimeng/Software/MaximSDK/Libraries/PeriphDrivers/bin/MAX78000/softfp/libPeriphDriver_softfp.a(gpio_reva.o)
                0x10004470                MXC_GPIO_RevA_ClearFlags
 .text.MXC_GPIO_RevA_GetFlags
                0x10004474        0x4 d:/Zhimeng/Software/MaximSDK/Libraries/PeriphDrivers/bin/MAX78000/softfp/libPeriphDriver_softfp.a(gpio_reva.o)
                0x10004474                MXC_GPIO_RevA_GetFlags
 .text.MXC_GPIO_RevA_SetVSSEL
                0x10004478       0x2a d:/Zhimeng/Software/MaximSDK/Libraries/PeriphDrivers/bin/MAX78000/softfp/libPeriphDriver_softfp.a(gpio_reva.o)
                0x10004478                MXC_GPIO_RevA_SetVSSEL
 .text.MXC_GPIO_RevA_SetAF
                0x100044a2       0x54 d:/Zhimeng/Software/MaximSDK/Libraries/PeriphDrivers/bin/MAX78000/softfp/libPeriphDriver_softfp.a(gpio_reva.o)
                0x100044a2                MXC_GPIO_RevA_SetAF
 .text.MXC_ICC_Enable
                0x100044f6        0x8 d:/Zhimeng/Software/MaximSDK/Libraries/PeriphDrivers/bin/MAX78000/softfp/libPeriphDriver_softfp.a(icc_me17.o)
                0x100044f6                MXC_ICC_Enable
 .text.MXC_ICC_RevA_Enable
                0x100044fe       0x28 d:/Zhimeng/Software/MaximSDK/Libraries/PeriphDrivers/bin/MAX78000/softfp/libPeriphDriver_softfp.a(icc_reva.o)
                0x100044fe                MXC_ICC_RevA_Enable
 *fill*         0x10004526        0x2 
 .text.MXC_TMR_Init
                0x10004528      0x220 d:/Zhimeng/Software/MaximSDK/Libraries/PeriphDrivers/bin/MAX78000/softfp/libPeriphDriver_softfp.a(tmr_ai85.o)
                0x10004528                MXC_TMR_Init
 .text.MXC_TMR_Start
                0x10004748        0x8 d:/Zhimeng/Software/MaximSDK/Libraries/PeriphDrivers/bin/MAX78000/softfp/libPeriphDriver_softfp.a(tmr_ai85.o)
                0x10004748                MXC_TMR_Start
 .text.MXC_TMR_Stop
                0x10004750        0x8 d:/Zhimeng/Software/MaximSDK/Libraries/PeriphDrivers/bin/MAX78000/softfp/libPeriphDriver_softfp.a(tmr_ai85.o)
                0x10004750                MXC_TMR_Stop
 .text.MXC_TMR_ClearFlags
                0x10004758        0x8 d:/Zhimeng/Software/MaximSDK/Libraries/PeriphDrivers/bin/MAX78000/softfp/libPeriphDriver_softfp.a(tmr_ai85.o)
                0x10004758                MXC_TMR_ClearFlags
 .text.MXC_TMR_GetFlags
                0x10004760        0x8 d:/Zhimeng/Software/MaximSDK/Libraries/PeriphDrivers/bin/MAX78000/softfp/libPeriphDriver_softfp.a(tmr_ai85.o)
                0x10004760                MXC_TMR_GetFlags
 .text.MXC_TMR_SetCount
                0x10004768        0x8 d:/Zhimeng/Software/MaximSDK/Libraries/PeriphDrivers/bin/MAX78000/softfp/libPeriphDriver_softfp.a(tmr_ai85.o)
                0x10004768                MXC_TMR_SetCount
 .text.MXC_TMR_Delay
                0x10004770        0x8 d:/Zhimeng/Software/MaximSDK/Libraries/PeriphDrivers/bin/MAX78000/softfp/libPeriphDriver_softfp.a(tmr_ai85.o)
                0x10004770                MXC_TMR_Delay
 .text.MXC_TMR_TO_Start
                0x10004778        0x8 d:/Zhimeng/Software/MaximSDK/Libraries/PeriphDrivers/bin/MAX78000/softfp/libPeriphDriver_softfp.a(tmr_ai85.o)
                0x10004778                MXC_TMR_TO_Start
 .text.MXC_TMR_TO_Check
                0x10004780        0x8 d:/Zhimeng/Software/MaximSDK/Libraries/PeriphDrivers/bin/MAX78000/softfp/libPeriphDriver_softfp.a(tmr_ai85.o)
                0x10004780                MXC_TMR_TO_Check
 .text.MXC_TMR_TO_Stop
                0x10004788        0x8 d:/Zhimeng/Software/MaximSDK/Libraries/PeriphDrivers/bin/MAX78000/softfp/libPeriphDriver_softfp.a(tmr_ai85.o)
                0x10004788                MXC_TMR_TO_Stop
 .text.MXC_TMR_TO_Elapsed
                0x10004790        0x8 d:/Zhimeng/Software/MaximSDK/Libraries/PeriphDrivers/bin/MAX78000/softfp/libPeriphDriver_softfp.a(tmr_ai85.o)
                0x10004790                MXC_TMR_TO_Elapsed
 .text.MXC_TMR_SW_Start
                0x10004798        0x8 d:/Zhimeng/Software/MaximSDK/Libraries/PeriphDrivers/bin/MAX78000/softfp/libPeriphDriver_softfp.a(tmr_ai85.o)
                0x10004798                MXC_TMR_SW_Start
 .text.MXC_TMR_SW_Stop
                0x100047a0        0x8 d:/Zhimeng/Software/MaximSDK/Libraries/PeriphDrivers/bin/MAX78000/softfp/libPeriphDriver_softfp.a(tmr_ai85.o)
                0x100047a0                MXC_TMR_SW_Stop
 .text.MXC_TMR_GetTime
                0x100047a8        0x8 d:/Zhimeng/Software/MaximSDK/Libraries/PeriphDrivers/bin/MAX78000/softfp/libPeriphDriver_softfp.a(tmr_ai85.o)
                0x100047a8                MXC_TMR_GetTime
 .text.MXC_TMR_RevB_ConfigGeneric
                0x100047b0       0xdc d:/Zhimeng/Software/MaximSDK/Libraries/PeriphDrivers/bin/MAX78000/softfp/libPeriphDriver_softfp.a(tmr_revb.o)
                0x100047b0                MXC_TMR_RevB_ConfigGeneric
 .text.MXC_TMR_RevB_Init
                0x1000488c      0x14c d:/Zhimeng/Software/MaximSDK/Libraries/PeriphDrivers/bin/MAX78000/softfp/libPeriphDriver_softfp.a(tmr_revb.o)
                0x1000488c                MXC_TMR_RevB_Init
 .text.MXC_TMR_RevB_Start
                0x100049d8       0x60 d:/Zhimeng/Software/MaximSDK/Libraries/PeriphDrivers/bin/MAX78000/softfp/libPeriphDriver_softfp.a(tmr_revb.o)
                0x100049d8                MXC_TMR_RevB_Start
 .text.MXC_TMR_RevB_Stop
                0x10004a38       0x58 d:/Zhimeng/Software/MaximSDK/Libraries/PeriphDrivers/bin/MAX78000/softfp/libPeriphDriver_softfp.a(tmr_revb.o)
                0x10004a38                MXC_TMR_RevB_Stop
 .text.MXC_TMR_RevB_ClearFlags
                0x10004a90       0x58 d:/Zhimeng/Software/MaximSDK/Libraries/PeriphDrivers/bin/MAX78000/softfp/libPeriphDriver_softfp.a(tmr_revb.o)
                0x10004a90                MXC_TMR_RevB_ClearFlags
 .text.MXC_TMR_RevB_GetFlags
                0x10004ae8       0x58 d:/Zhimeng/Software/MaximSDK/Libraries/PeriphDrivers/bin/MAX78000/softfp/libPeriphDriver_softfp.a(tmr_revb.o)
                0x10004ae8                MXC_TMR_RevB_GetFlags
 .text.MXC_TMR_RevB_SetCount
                0x10004b40       0x5c d:/Zhimeng/Software/MaximSDK/Libraries/PeriphDrivers/bin/MAX78000/softfp/libPeriphDriver_softfp.a(tmr_revb.o)
                0x10004b40                MXC_TMR_RevB_SetCount
 .text.MXC_TMR_RevB_TO_Start
                0x10004b9c       0xf0 d:/Zhimeng/Software/MaximSDK/Libraries/PeriphDrivers/bin/MAX78000/softfp/libPeriphDriver_softfp.a(tmr_revb.o)
                0x10004b9c                MXC_TMR_RevB_TO_Start
 .text.MXC_TMR_RevB_GetTime
                0x10004c8c      0x158 d:/Zhimeng/Software/MaximSDK/Libraries/PeriphDrivers/bin/MAX78000/softfp/libPeriphDriver_softfp.a(tmr_revb.o)
                0x10004c8c                MXC_TMR_RevB_GetTime
 .text.MXC_UART_Shutdown
                0x10004de4       0x70 d:/Zhimeng/Software/MaximSDK/Libraries/PeriphDrivers/bin/MAX78000/softfp/libPeriphDriver_softfp.a(uart_ai85.o)
                0x10004de4                MXC_UART_Shutdown
 .text.MXC_UART_Init
                0x10004e54       0xa4 d:/Zhimeng/Software/MaximSDK/Libraries/PeriphDrivers/bin/MAX78000/softfp/libPeriphDriver_softfp.a(uart_ai85.o)
                0x10004e54                MXC_UART_Init
 .text.MXC_UART_GetFrequency
                0x10004ef8       0x90 d:/Zhimeng/Software/MaximSDK/Libraries/PeriphDrivers/bin/MAX78000/softfp/libPeriphDriver_softfp.a(uart_ai85.o)
                0x10004ef8                MXC_UART_GetFrequency
 .text.MXC_UART_SetFrequency
                0x10004f88       0xbc d:/Zhimeng/Software/MaximSDK/Libraries/PeriphDrivers/bin/MAX78000/softfp/libPeriphDriver_softfp.a(uart_ai85.o)
                0x10004f88                MXC_UART_SetFrequency
 .text.MXC_UART_SetDataSize
                0x10005044        0x8 d:/Zhimeng/Software/MaximSDK/Libraries/PeriphDrivers/bin/MAX78000/softfp/libPeriphDriver_softfp.a(uart_ai85.o)
                0x10005044                MXC_UART_SetDataSize
 .text.MXC_UART_SetStopBits
                0x1000504c        0x8 d:/Zhimeng/Software/MaximSDK/Libraries/PeriphDrivers/bin/MAX78000/softfp/libPeriphDriver_softfp.a(uart_ai85.o)
                0x1000504c                MXC_UART_SetStopBits
 .text.MXC_UART_SetParity
                0x10005054        0x8 d:/Zhimeng/Software/MaximSDK/Libraries/PeriphDrivers/bin/MAX78000/softfp/libPeriphDriver_softfp.a(uart_ai85.o)
                0x10005054                MXC_UART_SetParity
 .text.MXC_UART_ReadCharacterRaw
                0x1000505c        0x8 d:/Zhimeng/Software/MaximSDK/Libraries/PeriphDrivers/bin/MAX78000/softfp/libPeriphDriver_softfp.a(uart_ai85.o)
                0x1000505c                MXC_UART_ReadCharacterRaw
 .text.MXC_UART_WriteCharacterRaw
                0x10005064        0x8 d:/Zhimeng/Software/MaximSDK/Libraries/PeriphDrivers/bin/MAX78000/softfp/libPeriphDriver_softfp.a(uart_ai85.o)
                0x10005064                MXC_UART_WriteCharacterRaw
 .text.MXC_UART_ReadCharacter
                0x1000506c        0x8 d:/Zhimeng/Software/MaximSDK/Libraries/PeriphDrivers/bin/MAX78000/softfp/libPeriphDriver_softfp.a(uart_ai85.o)
                0x1000506c                MXC_UART_ReadCharacter
 .text.MXC_UART_WriteCharacter
                0x10005074        0x8 d:/Zhimeng/Software/MaximSDK/Libraries/PeriphDrivers/bin/MAX78000/softfp/libPeriphDriver_softfp.a(uart_ai85.o)
                0x10005074                MXC_UART_WriteCharacter
 .text.MXC_UART_ReadRXFIFO
                0x1000507c        0x8 d:/Zhimeng/Software/MaximSDK/Libraries/PeriphDrivers/bin/MAX78000/softfp/libPeriphDriver_softfp.a(uart_ai85.o)
                0x1000507c                MXC_UART_ReadRXFIFO
 .text.MXC_UART_GetRXFIFOAvailable
                0x10005084        0x8 d:/Zhimeng/Software/MaximSDK/Libraries/PeriphDrivers/bin/MAX78000/softfp/libPeriphDriver_softfp.a(uart_ai85.o)
                0x10005084                MXC_UART_GetRXFIFOAvailable
 .text.MXC_UART_WriteTXFIFO
                0x1000508c        0x8 d:/Zhimeng/Software/MaximSDK/Libraries/PeriphDrivers/bin/MAX78000/softfp/libPeriphDriver_softfp.a(uart_ai85.o)
                0x1000508c                MXC_UART_WriteTXFIFO
 .text.MXC_UART_GetTXFIFOAvailable
                0x10005094        0x8 d:/Zhimeng/Software/MaximSDK/Libraries/PeriphDrivers/bin/MAX78000/softfp/libPeriphDriver_softfp.a(uart_ai85.o)
                0x10005094                MXC_UART_GetTXFIFOAvailable
 .text.MXC_UART_SetRXThreshold
                0x1000509c        0x8 d:/Zhimeng/Software/MaximSDK/Libraries/PeriphDrivers/bin/MAX78000/softfp/libPeriphDriver_softfp.a(uart_ai85.o)
                0x1000509c                MXC_UART_SetRXThreshold
 .text.MXC_UART_Common_ReadCharacter
                0x100050a4       0x16 d:/Zhimeng/Software/MaximSDK/Libraries/PeriphDrivers/bin/MAX78000/softfp/libPeriphDriver_softfp.a(uart_common.o)
                0x100050a4                MXC_UART_Common_ReadCharacter
 .text.MXC_UART_Common_WriteCharacter
                0x100050ba       0x1a d:/Zhimeng/Software/MaximSDK/Libraries/PeriphDrivers/bin/MAX78000/softfp/libPeriphDriver_softfp.a(uart_common.o)
                0x100050ba                MXC_UART_Common_WriteCharacter
 .text.MXC_UART_RevB_Init
                0x100050d4       0x7c d:/Zhimeng/Software/MaximSDK/Libraries/PeriphDrivers/bin/MAX78000/softfp/libPeriphDriver_softfp.a(uart_revb.o)
                0x100050d4                MXC_UART_RevB_Init
 .text.MXC_UART_RevB_SetFrequency
                0x10005150       0x8c d:/Zhimeng/Software/MaximSDK/Libraries/PeriphDrivers/bin/MAX78000/softfp/libPeriphDriver_softfp.a(uart_revb.o)
                0x10005150                MXC_UART_RevB_SetFrequency
 .text.MXC_UART_RevB_GetFrequency
                0x100051dc       0x80 d:/Zhimeng/Software/MaximSDK/Libraries/PeriphDrivers/bin/MAX78000/softfp/libPeriphDriver_softfp.a(uart_revb.o)
                0x100051dc                MXC_UART_RevB_GetFrequency
 .text.MXC_UART_RevB_SetDataSize
                0x1000525c       0x48 d:/Zhimeng/Software/MaximSDK/Libraries/PeriphDrivers/bin/MAX78000/softfp/libPeriphDriver_softfp.a(uart_revb.o)
                0x1000525c                MXC_UART_RevB_SetDataSize
 .text.MXC_UART_RevB_SetStopBits
                0x100052a4       0x4c d:/Zhimeng/Software/MaximSDK/Libraries/PeriphDrivers/bin/MAX78000/softfp/libPeriphDriver_softfp.a(uart_revb.o)
                0x100052a4                MXC_UART_RevB_SetStopBits
 .text.MXC_UART_RevB_SetParity
                0x100052f0       0xb8 d:/Zhimeng/Software/MaximSDK/Libraries/PeriphDrivers/bin/MAX78000/softfp/libPeriphDriver_softfp.a(uart_revb.o)
                0x100052f0                MXC_UART_RevB_SetParity
 .text.MXC_UART_RevB_ReadCharacterRaw
                0x100053a8       0x3c d:/Zhimeng/Software/MaximSDK/Libraries/PeriphDrivers/bin/MAX78000/softfp/libPeriphDriver_softfp.a(uart_revb.o)
                0x100053a8                MXC_UART_RevB_ReadCharacterRaw
 .text.MXC_UART_RevB_WriteCharacterRaw
                0x100053e4       0x3c d:/Zhimeng/Software/MaximSDK/Libraries/PeriphDrivers/bin/MAX78000/softfp/libPeriphDriver_softfp.a(uart_revb.o)
                0x100053e4                MXC_UART_RevB_WriteCharacterRaw
 .text.MXC_UART_RevB_ReadRXFIFO
                0x10005420       0x2a d:/Zhimeng/Software/MaximSDK/Libraries/PeriphDrivers/bin/MAX78000/softfp/libPeriphDriver_softfp.a(uart_revb.o)
                0x10005420                MXC_UART_RevB_ReadRXFIFO
 .text.MXC_UART_RevB_GetRXFIFOAvailable
                0x1000544a        0x8 d:/Zhimeng/Software/MaximSDK/Libraries/PeriphDrivers/bin/MAX78000/softfp/libPeriphDriver_softfp.a(uart_revb.o)
                0x1000544a                MXC_UART_RevB_GetRXFIFOAvailable
 .text.MXC_UART_RevB_WriteTXFIFO
                0x10005452       0x2a d:/Zhimeng/Software/MaximSDK/Libraries/PeriphDrivers/bin/MAX78000/softfp/libPeriphDriver_softfp.a(uart_revb.o)
                0x10005452                MXC_UART_RevB_WriteTXFIFO
 .text.MXC_UART_RevB_GetTXFIFOAvailable
                0x1000547c        0xc d:/Zhimeng/Software/MaximSDK/Libraries/PeriphDrivers/bin/MAX78000/softfp/libPeriphDriver_softfp.a(uart_revb.o)
                0x1000547c                MXC_UART_RevB_GetTXFIFOAvailable
 .text.MXC_UART_RevB_SetRXThreshold
                0x10005488       0x48 d:/Zhimeng/Software/MaximSDK/Libraries/PeriphDrivers/bin/MAX78000/softfp/libPeriphDriver_softfp.a(uart_revb.o)
                0x10005488                MXC_UART_RevB_SetRXThreshold
 .text.MXC_GPIO_Common_Init
                0x100054d0       0x38 d:/Zhimeng/Software/MaximSDK/Libraries/PeriphDrivers/bin/MAX78000/softfp/libPeriphDriver_softfp.a(gpio_common.o)
                0x100054d0                MXC_GPIO_Common_Init
 .text.MXC_GPIO_Common_Handler
                0x10005508       0x8c d:/Zhimeng/Software/MaximSDK/Libraries/PeriphDrivers/bin/MAX78000/softfp/libPeriphDriver_softfp.a(gpio_common.o)
                0x10005508                MXC_GPIO_Common_Handler
 .text.MXC_TMR_Common_Delay
                0x10005594       0x1a d:/Zhimeng/Software/MaximSDK/Libraries/PeriphDrivers/bin/MAX78000/softfp/libPeriphDriver_softfp.a(tmr_common.o)
                0x10005594                MXC_TMR_Common_Delay
 .text.MXC_TMR_Common_TO_Check
                0x100055ae       0x12 d:/Zhimeng/Software/MaximSDK/Libraries/PeriphDrivers/bin/MAX78000/softfp/libPeriphDriver_softfp.a(tmr_common.o)
                0x100055ae                MXC_TMR_Common_TO_Check
 .text.MXC_TMR_Common_TO_Stop
                0x100055c0       0x12 d:/Zhimeng/Software/MaximSDK/Libraries/PeriphDrivers/bin/MAX78000/softfp/libPeriphDriver_softfp.a(tmr_common.o)
                0x100055c0                MXC_TMR_Common_TO_Stop
 .text.MXC_TMR_Common_SW_Start
                0x100055d2        0xc d:/Zhimeng/Software/MaximSDK/Libraries/PeriphDrivers/bin/MAX78000/softfp/libPeriphDriver_softfp.a(tmr_common.o)
                0x100055d2                MXC_TMR_Common_SW_Start
 .text.MXC_TMR_Common_SW_Stop
                0x100055de       0x14 d:/Zhimeng/Software/MaximSDK/Libraries/PeriphDrivers/bin/MAX78000/softfp/libPeriphDriver_softfp.a(tmr_common.o)
                0x100055de                MXC_TMR_Common_SW_Stop
 *fill*         0x100055f2        0x2 
 .text.MXC_TMR_Common_TO_Elapsed
                0x100055f4       0x50 d:/Zhimeng/Software/MaximSDK/Libraries/PeriphDrivers/bin/MAX78000/softfp/libPeriphDriver_softfp.a(tmr_common.o)
                0x100055f4                MXC_TMR_Common_TO_Elapsed
 .text.__errno  0x10005644        0xc d:/zhimeng/software/maximsdk/tools/gnutools/bin/../lib/gcc/arm-none-eabi/9.2.1/../../../../arm-none-eabi/lib/thumb/v7e-m+fp/softfp\libc.a(lib_a-errno.o)
                0x10005644                __errno
 .text.__libc_init_array
                0x10005650       0x48 d:/zhimeng/software/maximsdk/tools/gnutools/bin/../lib/gcc/arm-none-eabi/9.2.1/../../../../arm-none-eabi/lib/thumb/v7e-m+fp/softfp\libc.a(lib_a-init.o)
                0x10005650                __libc_init_array
 .text._malloc_r
                0x10005698      0x574 d:/zhimeng/software/maximsdk/tools/gnutools/bin/../lib/gcc/arm-none-eabi/9.2.1/../../../../arm-none-eabi/lib/thumb/v7e-m+fp/softfp\libc.a(lib_a-mallocr.o)
                0x10005698                _malloc_r
 .text          0x10005c0c      0x134 d:/zhimeng/software/maximsdk/tools/gnutools/bin/../lib/gcc/arm-none-eabi/9.2.1/../../../../arm-none-eabi/lib/thumb/v7e-m+fp/softfp\libc.a(lib_a-memcpy.o)
                0x10005c0c                memcpy
 .text.memset   0x10005d40       0xa0 d:/zhimeng/software/maximsdk/tools/gnutools/bin/../lib/gcc/arm-none-eabi/9.2.1/../../../../arm-none-eabi/lib/thumb/v7e-m+fp/softfp\libc.a(lib_a-memset.o)
                0x10005d40                memset
 .text.__malloc_lock
                0x10005de0        0xc d:/zhimeng/software/maximsdk/tools/gnutools/bin/../lib/gcc/arm-none-eabi/9.2.1/../../../../arm-none-eabi/lib/thumb/v7e-m+fp/softfp\libc.a(lib_a-mlock.o)
                0x10005de0                __malloc_lock
 .text.__malloc_unlock
                0x10005dec        0xc d:/zhimeng/software/maximsdk/tools/gnutools/bin/../lib/gcc/arm-none-eabi/9.2.1/../../../../arm-none-eabi/lib/thumb/v7e-m+fp/softfp\libc.a(lib_a-mlock.o)
                0x10005dec                __malloc_unlock
 .text.printf   0x10005df8       0x28 d:/zhimeng/software/maximsdk/tools/gnutools/bin/../lib/gcc/arm-none-eabi/9.2.1/../../../../arm-none-eabi/lib/thumb/v7e-m+fp/softfp\libc.a(lib_a-printf.o)
                0x10005df8                printf
 .text._puts_r  0x10005e20       0x9c d:/zhimeng/software/maximsdk/tools/gnutools/bin/../lib/gcc/arm-none-eabi/9.2.1/../../../../arm-none-eabi/lib/thumb/v7e-m+fp/softfp\libc.a(lib_a-puts.o)
                0x10005e20                _puts_r
 .text.puts     0x10005ebc       0x10 d:/zhimeng/software/maximsdk/tools/gnutools/bin/../lib/gcc/arm-none-eabi/9.2.1/../../../../arm-none-eabi/lib/thumb/v7e-m+fp/softfp\libc.a(lib_a-puts.o)
                0x10005ebc                puts
 .text._sbrk_r  0x10005ecc       0x24 d:/zhimeng/software/maximsdk/tools/gnutools/bin/../lib/gcc/arm-none-eabi/9.2.1/../../../../arm-none-eabi/lib/thumb/v7e-m+fp/softfp\libc.a(lib_a-sbrkr.o)
                0x10005ecc                _sbrk_r
 *fill*         0x10005ef0       0x10 
 .text          0x10005f00       0xdc d:/zhimeng/software/maximsdk/tools/gnutools/bin/../lib/gcc/arm-none-eabi/9.2.1/../../../../arm-none-eabi/lib/thumb/v7e-m+fp/softfp\libc.a(lib_a-strlen.o)
                0x10005f00                strlen
 *fill*         0x10005fdc        0x4 
 .text._vfprintf_r
                0x10005fe0     0x1bdc d:/zhimeng/software/maximsdk/tools/gnutools/bin/../lib/gcc/arm-none-eabi/9.2.1/../../../../arm-none-eabi/lib/thumb/v7e-m+fp/softfp\libc.a(lib_a-vfprintf.o)
                0x10005fe0                _vfprintf_r
 .text.__sbprintf
                0x10007bbc       0x84 d:/zhimeng/software/maximsdk/tools/gnutools/bin/../lib/gcc/arm-none-eabi/9.2.1/../../../../arm-none-eabi/lib/thumb/v7e-m+fp/softfp\libc.a(lib_a-vfprintf.o)
 .text.__swsetup_r
                0x10007c40       0xd0 d:/zhimeng/software/maximsdk/tools/gnutools/bin/../lib/gcc/arm-none-eabi/9.2.1/../../../../arm-none-eabi/lib/thumb/v7e-m+fp/softfp\libc.a(lib_a-wsetup.o)
                0x10007c40                __swsetup_r
 .text.startup.register_fini
                0x10007d10       0x14 d:/zhimeng/software/maximsdk/tools/gnutools/bin/../lib/gcc/arm-none-eabi/9.2.1/../../../../arm-none-eabi/lib/thumb/v7e-m+fp/softfp\libc.a(lib_a-__call_atexit.o)
 .text.atexit   0x10007d24        0xc d:/zhimeng/software/maximsdk/tools/gnutools/bin/../lib/gcc/arm-none-eabi/9.2.1/../../../../arm-none-eabi/lib/thumb/v7e-m+fp/softfp\libc.a(lib_a-atexit.o)
                0x10007d24                atexit
 .text.quorem   0x10007d30      0x11c d:/zhimeng/software/maximsdk/tools/gnutools/bin/../lib/gcc/arm-none-eabi/9.2.1/../../../../arm-none-eabi/lib/thumb/v7e-m+fp/softfp\libc.a(lib_a-dtoa.o)
 *fill*         0x10007e4c        0x4 
 .text._dtoa_r  0x10007e50      0xeec d:/zhimeng/software/maximsdk/tools/gnutools/bin/../lib/gcc/arm-none-eabi/9.2.1/../../../../arm-none-eabi/lib/thumb/v7e-m+fp/softfp\libc.a(lib_a-dtoa.o)
                0x10007e50                _dtoa_r
 .text.__sflush_r
                0x10008d3c      0x130 d:/zhimeng/software/maximsdk/tools/gnutools/bin/../lib/gcc/arm-none-eabi/9.2.1/../../../../arm-none-eabi/lib/thumb/v7e-m+fp/softfp\libc.a(lib_a-fflush.o)
                0x10008d3c                __sflush_r
 .text._fflush_r
                0x10008e6c       0x5c d:/zhimeng/software/maximsdk/tools/gnutools/bin/../lib/gcc/arm-none-eabi/9.2.1/../../../../arm-none-eabi/lib/thumb/v7e-m+fp/softfp\libc.a(lib_a-fflush.o)
                0x10008e6c                _fflush_r
 .text.std      0x10008ec8       0x50 d:/zhimeng/software/maximsdk/tools/gnutools/bin/../lib/gcc/arm-none-eabi/9.2.1/../../../../arm-none-eabi/lib/thumb/v7e-m+fp/softfp\libc.a(lib_a-findfp.o)
 .text._cleanup_r
                0x10008f18        0xc d:/zhimeng/software/maximsdk/tools/gnutools/bin/../lib/gcc/arm-none-eabi/9.2.1/../../../../arm-none-eabi/lib/thumb/v7e-m+fp/softfp\libc.a(lib_a-findfp.o)
                0x10008f18                _cleanup_r
 .text.__sinit  0x10008f24       0x54 d:/zhimeng/software/maximsdk/tools/gnutools/bin/../lib/gcc/arm-none-eabi/9.2.1/../../../../arm-none-eabi/lib/thumb/v7e-m+fp/softfp\libc.a(lib_a-findfp.o)
                0x10008f24                __sinit
 .text.__sfp_lock_acquire
                0x10008f78        0xc d:/zhimeng/software/maximsdk/tools/gnutools/bin/../lib/gcc/arm-none-eabi/9.2.1/../../../../arm-none-eabi/lib/thumb/v7e-m+fp/softfp\libc.a(lib_a-findfp.o)
                0x10008f78                __sfp_lock_acquire
 .text.__sfp_lock_release
                0x10008f84        0xc d:/zhimeng/software/maximsdk/tools/gnutools/bin/../lib/gcc/arm-none-eabi/9.2.1/../../../../arm-none-eabi/lib/thumb/v7e-m+fp/softfp\libc.a(lib_a-findfp.o)
                0x10008f84                __sfp_lock_release
 .text.__libc_fini_array
                0x10008f90       0x2c d:/zhimeng/software/maximsdk/tools/gnutools/bin/../lib/gcc/arm-none-eabi/9.2.1/../../../../arm-none-eabi/lib/thumb/v7e-m+fp/softfp\libc.a(lib_a-fini.o)
                0x10008f90                __libc_fini_array
 .text._malloc_trim_r
                0x10008fbc       0xa0 d:/zhimeng/software/maximsdk/tools/gnutools/bin/../lib/gcc/arm-none-eabi/9.2.1/../../../../arm-none-eabi/lib/thumb/v7e-m+fp/softfp\libc.a(lib_a-freer.o)
                0x10008fbc                _malloc_trim_r
 .text._free_r  0x1000905c      0x208 d:/zhimeng/software/maximsdk/tools/gnutools/bin/../lib/gcc/arm-none-eabi/9.2.1/../../../../arm-none-eabi/lib/thumb/v7e-m+fp/softfp\libc.a(lib_a-freer.o)
                0x1000905c                _free_r
 .text.__sfvwrite_r
                0x10009264      0x2e0 d:/zhimeng/software/maximsdk/tools/gnutools/bin/../lib/gcc/arm-none-eabi/9.2.1/../../../../arm-none-eabi/lib/thumb/v7e-m+fp/softfp\libc.a(lib_a-fvwrite.o)
                0x10009264                __sfvwrite_r
 .text._fwalk_reent
                0x10009544       0x48 d:/zhimeng/software/maximsdk/tools/gnutools/bin/../lib/gcc/arm-none-eabi/9.2.1/../../../../arm-none-eabi/lib/thumb/v7e-m+fp/softfp\libc.a(lib_a-fwalk.o)
                0x10009544                _fwalk_reent
 .text._localeconv_r
                0x1000958c        0x8 d:/zhimeng/software/maximsdk/tools/gnutools/bin/../lib/gcc/arm-none-eabi/9.2.1/../../../../arm-none-eabi/lib/thumb/v7e-m+fp/softfp\libc.a(lib_a-localeconv.o)
                0x1000958c                _localeconv_r
 .text.__retarget_lock_init_recursive
                0x10009594        0x4 d:/zhimeng/software/maximsdk/tools/gnutools/bin/../lib/gcc/arm-none-eabi/9.2.1/../../../../arm-none-eabi/lib/thumb/v7e-m+fp/softfp\libc.a(lib_a-lock.o)
                0x10009594                __retarget_lock_init_recursive
 .text.__retarget_lock_close_recursive
                0x10009598        0x4 d:/zhimeng/software/maximsdk/tools/gnutools/bin/../lib/gcc/arm-none-eabi/9.2.1/../../../../arm-none-eabi/lib/thumb/v7e-m+fp/softfp\libc.a(lib_a-lock.o)
                0x10009598                __retarget_lock_close_recursive
 .text.__retarget_lock_acquire_recursive
                0x1000959c        0x4 d:/zhimeng/software/maximsdk/tools/gnutools/bin/../lib/gcc/arm-none-eabi/9.2.1/../../../../arm-none-eabi/lib/thumb/v7e-m+fp/softfp\libc.a(lib_a-lock.o)
                0x1000959c                __retarget_lock_acquire_recursive
 .text.__retarget_lock_release_recursive
                0x100095a0        0x4 d:/zhimeng/software/maximsdk/tools/gnutools/bin/../lib/gcc/arm-none-eabi/9.2.1/../../../../arm-none-eabi/lib/thumb/v7e-m+fp/softfp\libc.a(lib_a-lock.o)
                0x100095a0                __retarget_lock_release_recursive
 .text.__swhatbuf_r
                0x100095a4       0x5c d:/zhimeng/software/maximsdk/tools/gnutools/bin/../lib/gcc/arm-none-eabi/9.2.1/../../../../arm-none-eabi/lib/thumb/v7e-m+fp/softfp\libc.a(lib_a-makebuf.o)
                0x100095a4                __swhatbuf_r
 .text.__smakebuf_r
                0x10009600       0x98 d:/zhimeng/software/maximsdk/tools/gnutools/bin/../lib/gcc/arm-none-eabi/9.2.1/../../../../arm-none-eabi/lib/thumb/v7e-m+fp/softfp\libc.a(lib_a-makebuf.o)
                0x10009600                __smakebuf_r
 *fill*         0x10009698        0x8 
 .text          0x100096a0       0xa0 d:/zhimeng/software/maximsdk/tools/gnutools/bin/../lib/gcc/arm-none-eabi/9.2.1/../../../../arm-none-eabi/lib/thumb/v7e-m+fp/softfp\libc.a(lib_a-memchr.o)
                0x100096a0                memchr
 .text.memmove  0x10009740       0xd8 d:/zhimeng/software/maximsdk/tools/gnutools/bin/../lib/gcc/arm-none-eabi/9.2.1/../../../../arm-none-eabi/lib/thumb/v7e-m+fp/softfp\libc.a(lib_a-memmove.o)
                0x10009740                memmove
 .text._Balloc  0x10009818       0x4c d:/zhimeng/software/maximsdk/tools/gnutools/bin/../lib/gcc/arm-none-eabi/9.2.1/../../../../arm-none-eabi/lib/thumb/v7e-m+fp/softfp\libc.a(lib_a-mprec.o)
                0x10009818                _Balloc
 .text._Bfree   0x10009864       0x14 d:/zhimeng/software/maximsdk/tools/gnutools/bin/../lib/gcc/arm-none-eabi/9.2.1/../../../../arm-none-eabi/lib/thumb/v7e-m+fp/softfp\libc.a(lib_a-mprec.o)
                0x10009864                _Bfree
 .text.__multadd
                0x10009878       0x8c d:/zhimeng/software/maximsdk/tools/gnutools/bin/../lib/gcc/arm-none-eabi/9.2.1/../../../../arm-none-eabi/lib/thumb/v7e-m+fp/softfp\libc.a(lib_a-mprec.o)
                0x10009878                __multadd
 .text.__hi0bits
                0x10009904       0x40 d:/zhimeng/software/maximsdk/tools/gnutools/bin/../lib/gcc/arm-none-eabi/9.2.1/../../../../arm-none-eabi/lib/thumb/v7e-m+fp/softfp\libc.a(lib_a-mprec.o)
                0x10009904                __hi0bits
 .text.__lo0bits
                0x10009944       0x60 d:/zhimeng/software/maximsdk/tools/gnutools/bin/../lib/gcc/arm-none-eabi/9.2.1/../../../../arm-none-eabi/lib/thumb/v7e-m+fp/softfp\libc.a(lib_a-mprec.o)
                0x10009944                __lo0bits
 .text.__i2b    0x100099a4       0x14 d:/zhimeng/software/maximsdk/tools/gnutools/bin/../lib/gcc/arm-none-eabi/9.2.1/../../../../arm-none-eabi/lib/thumb/v7e-m+fp/softfp\libc.a(lib_a-mprec.o)
                0x100099a4                __i2b
 .text.__multiply
                0x100099b8      0x144 d:/zhimeng/software/maximsdk/tools/gnutools/bin/../lib/gcc/arm-none-eabi/9.2.1/../../../../arm-none-eabi/lib/thumb/v7e-m+fp/softfp\libc.a(lib_a-mprec.o)
                0x100099b8                __multiply
 .text.__pow5mult
                0x10009afc       0xa0 d:/zhimeng/software/maximsdk/tools/gnutools/bin/../lib/gcc/arm-none-eabi/9.2.1/../../../../arm-none-eabi/lib/thumb/v7e-m+fp/softfp\libc.a(lib_a-mprec.o)
                0x10009afc                __pow5mult
 .text.__lshift
                0x10009b9c       0xd4 d:/zhimeng/software/maximsdk/tools/gnutools/bin/../lib/gcc/arm-none-eabi/9.2.1/../../../../arm-none-eabi/lib/thumb/v7e-m+fp/softfp\libc.a(lib_a-mprec.o)
                0x10009b9c                __lshift
 .text.__mcmp   0x10009c70       0x3c d:/zhimeng/software/maximsdk/tools/gnutools/bin/../lib/gcc/arm-none-eabi/9.2.1/../../../../arm-none-eabi/lib/thumb/v7e-m+fp/softfp\libc.a(lib_a-mprec.o)
                0x10009c70                __mcmp
 .text.__mdiff  0x10009cac      0x138 d:/zhimeng/software/maximsdk/tools/gnutools/bin/../lib/gcc/arm-none-eabi/9.2.1/../../../../arm-none-eabi/lib/thumb/v7e-m+fp/softfp\libc.a(lib_a-mprec.o)
                0x10009cac                __mdiff
 .text.__d2b    0x10009de4       0xbc d:/zhimeng/software/maximsdk/tools/gnutools/bin/../lib/gcc/arm-none-eabi/9.2.1/../../../../arm-none-eabi/lib/thumb/v7e-m+fp/softfp\libc.a(lib_a-mprec.o)
                0x10009de4                __d2b
 .text._realloc_r
                0x10009ea0      0x3e0 d:/zhimeng/software/maximsdk/tools/gnutools/bin/../lib/gcc/arm-none-eabi/9.2.1/../../../../arm-none-eabi/lib/thumb/v7e-m+fp/softfp\libc.a(lib_a-reallocr.o)
                0x10009ea0                _realloc_r
 .text.frexp    0x1000a280       0x70 d:/zhimeng/software/maximsdk/tools/gnutools/bin/../lib/gcc/arm-none-eabi/9.2.1/../../../../arm-none-eabi/lib/thumb/v7e-m+fp/softfp\libc.a(lib_a-s_frexp.o)
                0x1000a280                frexp
 .text.__sread  0x1000a2f0       0x24 d:/zhimeng/software/maximsdk/tools/gnutools/bin/../lib/gcc/arm-none-eabi/9.2.1/../../../../arm-none-eabi/lib/thumb/v7e-m+fp/softfp\libc.a(lib_a-stdio.o)
                0x1000a2f0                __sread
 .text.__swrite
                0x1000a314       0x40 d:/zhimeng/software/maximsdk/tools/gnutools/bin/../lib/gcc/arm-none-eabi/9.2.1/../../../../arm-none-eabi/lib/thumb/v7e-m+fp/softfp\libc.a(lib_a-stdio.o)
                0x1000a314                __swrite
 .text.__sseek  0x1000a354       0x20 d:/zhimeng/software/maximsdk/tools/gnutools/bin/../lib/gcc/arm-none-eabi/9.2.1/../../../../arm-none-eabi/lib/thumb/v7e-m+fp/softfp\libc.a(lib_a-stdio.o)
                0x1000a354                __sseek
 .text.__sclose
                0x1000a374        0x8 d:/zhimeng/software/maximsdk/tools/gnutools/bin/../lib/gcc/arm-none-eabi/9.2.1/../../../../arm-none-eabi/lib/thumb/v7e-m+fp/softfp\libc.a(lib_a-stdio.o)
                0x1000a374                __sclose
 .text.strncpy  0x1000a37c       0x68 d:/zhimeng/software/maximsdk/tools/gnutools/bin/../lib/gcc/arm-none-eabi/9.2.1/../../../../arm-none-eabi/lib/thumb/v7e-m+fp/softfp\libc.a(lib_a-strncpy.o)
                0x1000a37c                strncpy
 .text.__sprint_r.part.0
                0x1000a3e4       0x78 d:/zhimeng/software/maximsdk/tools/gnutools/bin/../lib/gcc/arm-none-eabi/9.2.1/../../../../arm-none-eabi/lib/thumb/v7e-m+fp/softfp\libc.a(lib_a-vfiprintf.o)
 .text.__sprint_r
                0x1000a45c       0x18 d:/zhimeng/software/maximsdk/tools/gnutools/bin/../lib/gcc/arm-none-eabi/9.2.1/../../../../arm-none-eabi/lib/thumb/v7e-m+fp/softfp\libc.a(lib_a-vfiprintf.o)
                0x1000a45c                __sprint_r
 .text._write_r
                0x1000a474       0x2c d:/zhimeng/software/maximsdk/tools/gnutools/bin/../lib/gcc/arm-none-eabi/9.2.1/../../../../arm-none-eabi/lib/thumb/v7e-m+fp/softfp\libc.a(lib_a-writer.o)
                0x1000a474                _write_r
 .text.__register_exitproc
                0x1000a4a0       0x8c d:/zhimeng/software/maximsdk/tools/gnutools/bin/../lib/gcc/arm-none-eabi/9.2.1/../../../../arm-none-eabi/lib/thumb/v7e-m+fp/softfp\libc.a(lib_a-__atexit.o)
                0x1000a4a0                __register_exitproc
 .text._calloc_r
                0x1000a52c       0x60 d:/zhimeng/software/maximsdk/tools/gnutools/bin/../lib/gcc/arm-none-eabi/9.2.1/../../../../arm-none-eabi/lib/thumb/v7e-m+fp/softfp\libc.a(lib_a-callocr.o)
                0x1000a52c                _calloc_r
 .text._close_r
                0x1000a58c       0x24 d:/zhimeng/software/maximsdk/tools/gnutools/bin/../lib/gcc/arm-none-eabi/9.2.1/../../../../arm-none-eabi/lib/thumb/v7e-m+fp/softfp\libc.a(lib_a-closer.o)
                0x1000a58c                _close_r
 .text._fclose_r
                0x1000a5b0       0xcc d:/zhimeng/software/maximsdk/tools/gnutools/bin/../lib/gcc/arm-none-eabi/9.2.1/../../../../arm-none-eabi/lib/thumb/v7e-m+fp/softfp\libc.a(lib_a-fclose.o)
                0x1000a5b0                _fclose_r
 .text.__fputwc
                0x1000a67c       0xa8 d:/zhimeng/software/maximsdk/tools/gnutools/bin/../lib/gcc/arm-none-eabi/9.2.1/../../../../arm-none-eabi/lib/thumb/v7e-m+fp/softfp\libc.a(lib_a-fputwc.o)
                0x1000a67c                __fputwc
 .text._fputwc_r
                0x1000a724       0x68 d:/zhimeng/software/maximsdk/tools/gnutools/bin/../lib/gcc/arm-none-eabi/9.2.1/../../../../arm-none-eabi/lib/thumb/v7e-m+fp/softfp\libc.a(lib_a-fputwc.o)
                0x1000a724                _fputwc_r
 .text._fstat_r
                0x1000a78c       0x2c d:/zhimeng/software/maximsdk/tools/gnutools/bin/../lib/gcc/arm-none-eabi/9.2.1/../../../../arm-none-eabi/lib/thumb/v7e-m+fp/softfp\libc.a(lib_a-fstatr.o)
                0x1000a78c                _fstat_r
 .text._isatty_r
                0x1000a7b8       0x24 d:/zhimeng/software/maximsdk/tools/gnutools/bin/../lib/gcc/arm-none-eabi/9.2.1/../../../../arm-none-eabi/lib/thumb/v7e-m+fp/softfp\libc.a(lib_a-isattyr.o)
                0x1000a7b8                _isatty_r
 .text.__locale_mb_cur_max
                0x1000a7dc        0xc d:/zhimeng/software/maximsdk/tools/gnutools/bin/../lib/gcc/arm-none-eabi/9.2.1/../../../../arm-none-eabi/lib/thumb/v7e-m+fp/softfp\libc.a(lib_a-locale.o)
                0x1000a7dc                __locale_mb_cur_max
 .text._lseek_r
                0x1000a7e8       0x2c d:/zhimeng/software/maximsdk/tools/gnutools/bin/../lib/gcc/arm-none-eabi/9.2.1/../../../../arm-none-eabi/lib/thumb/v7e-m+fp/softfp\libc.a(lib_a-lseekr.o)
                0x1000a7e8                _lseek_r
 .text.__ascii_mbtowc
                0x1000a814       0x2c d:/zhimeng/software/maximsdk/tools/gnutools/bin/../lib/gcc/arm-none-eabi/9.2.1/../../../../arm-none-eabi/lib/thumb/v7e-m+fp/softfp\libc.a(lib_a-mbtowc_r.o)
                0x1000a814                __ascii_mbtowc
 .text._read_r  0x1000a840       0x2c d:/zhimeng/software/maximsdk/tools/gnutools/bin/../lib/gcc/arm-none-eabi/9.2.1/../../../../arm-none-eabi/lib/thumb/v7e-m+fp/softfp\libc.a(lib_a-readr.o)
                0x1000a840                _read_r
 .text.__swbuf_r
                0x1000a86c       0xb0 d:/zhimeng/software/maximsdk/tools/gnutools/bin/../lib/gcc/arm-none-eabi/9.2.1/../../../../arm-none-eabi/lib/thumb/v7e-m+fp/softfp\libc.a(lib_a-wbuf.o)
                0x1000a86c                __swbuf_r
 .text._wcrtomb_r
                0x1000a91c       0x3c d:/zhimeng/software/maximsdk/tools/gnutools/bin/../lib/gcc/arm-none-eabi/9.2.1/../../../../arm-none-eabi/lib/thumb/v7e-m+fp/softfp\libc.a(lib_a-wcrtomb.o)
                0x1000a91c                _wcrtomb_r
 .text.__ascii_wctomb
                0x1000a958       0x1c d:/zhimeng/software/maximsdk/tools/gnutools/bin/../lib/gcc/arm-none-eabi/9.2.1/../../../../arm-none-eabi/lib/thumb/v7e-m+fp/softfp\libc.a(lib_a-wctomb_r.o)
                0x1000a958                __ascii_wctomb
 .text          0x1000a974      0x378 d:/zhimeng/software/maximsdk/tools/gnutools/bin/../lib/gcc/arm-none-eabi/9.2.1/thumb/v7e-m+fp/softfp\libgcc.a(_arm_addsubdf3.o)
                0x1000a974                __aeabi_drsub
                0x1000a97c                __aeabi_dsub
                0x1000a97c                __subdf3
                0x1000a980                __aeabi_dadd
                0x1000a980                __adddf3
                0x1000abf8                __floatunsidf
                0x1000abf8                __aeabi_ui2d
                0x1000ac18                __floatsidf
                0x1000ac18                __aeabi_i2d
                0x1000ac3c                __aeabi_f2d
                0x1000ac3c                __extendsfdf2
                0x1000ac80                __floatundidf
                0x1000ac80                __aeabi_ul2d
                0x1000ac90                __floatdidf
                0x1000ac90                __aeabi_l2d
 .text          0x1000acec      0x424 d:/zhimeng/software/maximsdk/tools/gnutools/bin/../lib/gcc/arm-none-eabi/9.2.1/thumb/v7e-m+fp/softfp\libgcc.a(_arm_muldivdf3.o)
                0x1000acec                __aeabi_dmul
                0x1000acec                __muldf3
                0x1000af40                __divdf3
                0x1000af40                __aeabi_ddiv
 .text          0x1000b110      0x110 d:/zhimeng/software/maximsdk/tools/gnutools/bin/../lib/gcc/arm-none-eabi/9.2.1/thumb/v7e-m+fp/softfp\libgcc.a(_arm_cmpdf2.o)
                0x1000b110                __gtdf2
                0x1000b110                __gedf2
                0x1000b118                __ltdf2
                0x1000b118                __ledf2
                0x1000b120                __nedf2
                0x1000b120                __eqdf2
                0x1000b120                __cmpdf2
                0x1000b19c                __aeabi_cdrcmple
                0x1000b1ac                __aeabi_cdcmpeq
                0x1000b1ac                __aeabi_cdcmple
                0x1000b1bc                __aeabi_dcmpeq
                0x1000b1d0                __aeabi_dcmplt
                0x1000b1e4                __aeabi_dcmple
                0x1000b1f8                __aeabi_dcmpge
                0x1000b20c                __aeabi_dcmpgt
 .text          0x1000b220       0x2c d:/zhimeng/software/maximsdk/tools/gnutools/bin/../lib/gcc/arm-none-eabi/9.2.1/thumb/v7e-m+fp/softfp\libgcc.a(_arm_unorddf2.o)
                0x1000b220                __unorddf2
                0x1000b220                __aeabi_dcmpun
 .text          0x1000b24c       0x50 d:/zhimeng/software/maximsdk/tools/gnutools/bin/../lib/gcc/arm-none-eabi/9.2.1/thumb/v7e-m+fp/softfp\libgcc.a(_arm_fixdfsi.o)
                0x1000b24c                __aeabi_d2iz
                0x1000b24c                __fixdfsi
 .text          0x1000b29c       0xa0 d:/zhimeng/software/maximsdk/tools/gnutools/bin/../lib/gcc/arm-none-eabi/9.2.1/thumb/v7e-m+fp/softfp\libgcc.a(_aeabi_ldivmod.o)
                0x1000b29c                __aeabi_ldivmod
 .text          0x1000b33c       0x30 d:/zhimeng/software/maximsdk/tools/gnutools/bin/../lib/gcc/arm-none-eabi/9.2.1/thumb/v7e-m+fp/softfp\libgcc.a(_aeabi_uldivmod.o)
                0x1000b33c                __aeabi_uldivmod
 .text          0x1000b36c      0x2c4 d:/zhimeng/software/maximsdk/tools/gnutools/bin/../lib/gcc/arm-none-eabi/9.2.1/thumb/v7e-m+fp/softfp\libgcc.a(_udivmoddi4.o)
                0x1000b36c                __udivmoddi4
 .text          0x1000b630        0x4 d:/zhimeng/software/maximsdk/tools/gnutools/bin/../lib/gcc/arm-none-eabi/9.2.1/thumb/v7e-m+fp/softfp\libgcc.a(_dvmd_tls.o)
                0x1000b630                __aeabi_idiv0
                0x1000b630                __aeabi_ldiv0
 *(.rodata*)
 .rodata.fail.str1.4
                0x1000b634        0xf d:/Zhimeng/Software/MaximSDK/Examples/MAX78000/CNN/yolov1_demo3/build/main_faceid.o
 *fill*         0x1000b643        0x1 
 .rodata.main.str1.4
                0x1000b644       0x81 d:/Zhimeng/Software/MaximSDK/Examples/MAX78000/CNN/yolov1_demo3/build/main_faceid.o
 *fill*         0x1000b6c5        0x3 
 .rodata.bias_0
                0x1000b6c8      0x100 d:/Zhimeng/Software/MaximSDK/Examples/MAX78000/CNN/yolov1_demo3/build/cnn.o
 .rodata.bias_1
                0x1000b7c8       0xf0 d:/Zhimeng/Software/MaximSDK/Examples/MAX78000/CNN/yolov1_demo3/build/cnn.o
 .rodata.bias_2
                0x1000b8b8       0xf0 d:/Zhimeng/Software/MaximSDK/Examples/MAX78000/CNN/yolov1_demo3/build/cnn.o
 .rodata.bias_3
                0x1000b9a8       0xef d:/Zhimeng/Software/MaximSDK/Examples/MAX78000/CNN/yolov1_demo3/build/cnn.o
 *fill*         0x1000ba97        0x1 
 .rodata.kernels_0
                0x1000ba98     0x1430 d:/Zhimeng/Software/MaximSDK/Examples/MAX78000/CNN/yolov1_demo3/build/cnn.o
 .rodata.kernels_1
                0x1000cec8     0x1430 d:/Zhimeng/Software/MaximSDK/Examples/MAX78000/CNN/yolov1_demo3/build/cnn.o
 .rodata.kernels_10
                0x1000e2f8     0x1430 d:/Zhimeng/Software/MaximSDK/Examples/MAX78000/CNN/yolov1_demo3/build/cnn.o
 .rodata.kernels_11
                0x1000f728     0x1430 d:/Zhimeng/Software/MaximSDK/Examples/MAX78000/CNN/yolov1_demo3/build/cnn.o
 .rodata.kernels_12
                0x10010b58     0x1430 d:/Zhimeng/Software/MaximSDK/Examples/MAX78000/CNN/yolov1_demo3/build/cnn.o
 .rodata.kernels_13
                0x10011f88     0x1430 d:/Zhimeng/Software/MaximSDK/Examples/MAX78000/CNN/yolov1_demo3/build/cnn.o
 .rodata.kernels_14
                0x100133b8     0x1430 d:/Zhimeng/Software/MaximSDK/Examples/MAX78000/CNN/yolov1_demo3/build/cnn.o
 .rodata.kernels_15
                0x100147e8     0x1430 d:/Zhimeng/Software/MaximSDK/Examples/MAX78000/CNN/yolov1_demo3/build/cnn.o
 .rodata.kernels_16
                0x10015c18     0x13e8 d:/Zhimeng/Software/MaximSDK/Examples/MAX78000/CNN/yolov1_demo3/build/cnn.o
 .rodata.kernels_17
                0x10017000     0x13e8 d:/Zhimeng/Software/MaximSDK/Examples/MAX78000/CNN/yolov1_demo3/build/cnn.o
 .rodata.kernels_18
                0x100183e8     0x13e8 d:/Zhimeng/Software/MaximSDK/Examples/MAX78000/CNN/yolov1_demo3/build/cnn.o
 .rodata.kernels_19
                0x100197d0     0x13e8 d:/Zhimeng/Software/MaximSDK/Examples/MAX78000/CNN/yolov1_demo3/build/cnn.o
 .rodata.kernels_2
                0x1001abb8     0x1430 d:/Zhimeng/Software/MaximSDK/Examples/MAX78000/CNN/yolov1_demo3/build/cnn.o
 .rodata.kernels_20
                0x1001bfe8     0x11a8 d:/Zhimeng/Software/MaximSDK/Examples/MAX78000/CNN/yolov1_demo3/build/cnn.o
 .rodata.kernels_21
                0x1001d190     0x11a8 d:/Zhimeng/Software/MaximSDK/Examples/MAX78000/CNN/yolov1_demo3/build/cnn.o
 .rodata.kernels_22
                0x1001e338     0x11a8 d:/Zhimeng/Software/MaximSDK/Examples/MAX78000/CNN/yolov1_demo3/build/cnn.o
 .rodata.kernels_23
                0x1001f4e0     0x11a8 d:/Zhimeng/Software/MaximSDK/Examples/MAX78000/CNN/yolov1_demo3/build/cnn.o
 .rodata.kernels_24
                0x10020688     0x11a8 d:/Zhimeng/Software/MaximSDK/Examples/MAX78000/CNN/yolov1_demo3/build/cnn.o
 .rodata.kernels_25
                0x10021830     0x11a8 d:/Zhimeng/Software/MaximSDK/Examples/MAX78000/CNN/yolov1_demo3/build/cnn.o
 .rodata.kernels_26
                0x100229d8     0x11a8 d:/Zhimeng/Software/MaximSDK/Examples/MAX78000/CNN/yolov1_demo3/build/cnn.o
 .rodata.kernels_27
                0x10023b80     0x11a8 d:/Zhimeng/Software/MaximSDK/Examples/MAX78000/CNN/yolov1_demo3/build/cnn.o
 .rodata.kernels_28
                0x10024d28     0x11a8 d:/Zhimeng/Software/MaximSDK/Examples/MAX78000/CNN/yolov1_demo3/build/cnn.o
 .rodata.kernels_29
                0x10025ed0     0x11a8 d:/Zhimeng/Software/MaximSDK/Examples/MAX78000/CNN/yolov1_demo3/build/cnn.o
 .rodata.kernels_3
                0x10027078     0x11f0 d:/Zhimeng/Software/MaximSDK/Examples/MAX78000/CNN/yolov1_demo3/build/cnn.o
 .rodata.kernels_30
                0x10028268     0x11a8 d:/Zhimeng/Software/MaximSDK/Examples/MAX78000/CNN/yolov1_demo3/build/cnn.o
 .rodata.kernels_31
                0x10029410     0x11a8 d:/Zhimeng/Software/MaximSDK/Examples/MAX78000/CNN/yolov1_demo3/build/cnn.o
 .rodata.kernels_32
                0x1002a5b8     0x1358 d:/Zhimeng/Software/MaximSDK/Examples/MAX78000/CNN/yolov1_demo3/build/cnn.o
 .rodata.kernels_33
                0x1002b910     0x1358 d:/Zhimeng/Software/MaximSDK/Examples/MAX78000/CNN/yolov1_demo3/build/cnn.o
 .rodata.kernels_34
                0x1002cc68     0x1358 d:/Zhimeng/Software/MaximSDK/Examples/MAX78000/CNN/yolov1_demo3/build/cnn.o
 .rodata.kernels_35
                0x1002dfc0     0x1358 d:/Zhimeng/Software/MaximSDK/Examples/MAX78000/CNN/yolov1_demo3/build/cnn.o
 .rodata.kernels_36
                0x1002f318     0x1358 d:/Zhimeng/Software/MaximSDK/Examples/MAX78000/CNN/yolov1_demo3/build/cnn.o
 .rodata.kernels_37
                0x10030670     0x1358 d:/Zhimeng/Software/MaximSDK/Examples/MAX78000/CNN/yolov1_demo3/build/cnn.o
 .rodata.kernels_38
                0x100319c8     0x1358 d:/Zhimeng/Software/MaximSDK/Examples/MAX78000/CNN/yolov1_demo3/build/cnn.o
 .rodata.kernels_39
                0x10032d20     0x1358 d:/Zhimeng/Software/MaximSDK/Examples/MAX78000/CNN/yolov1_demo3/build/cnn.o
 .rodata.kernels_4
                0x10034078     0x1430 d:/Zhimeng/Software/MaximSDK/Examples/MAX78000/CNN/yolov1_demo3/build/cnn.o
 .rodata.kernels_40
                0x100354a8     0x13e8 d:/Zhimeng/Software/MaximSDK/Examples/MAX78000/CNN/yolov1_demo3/build/cnn.o
 .rodata.kernels_41
                0x10036890     0x13e8 d:/Zhimeng/Software/MaximSDK/Examples/MAX78000/CNN/yolov1_demo3/build/cnn.o
 .rodata.kernels_42
                0x10037c78     0x13e8 d:/Zhimeng/Software/MaximSDK/Examples/MAX78000/CNN/yolov1_demo3/build/cnn.o
 .rodata.kernels_43
                0x10039060     0x13e8 d:/Zhimeng/Software/MaximSDK/Examples/MAX78000/CNN/yolov1_demo3/build/cnn.o
 .rodata.kernels_44
                0x1003a448     0x13e8 d:/Zhimeng/Software/MaximSDK/Examples/MAX78000/CNN/yolov1_demo3/build/cnn.o
 .rodata.kernels_45
                0x1003b830     0x13e8 d:/Zhimeng/Software/MaximSDK/Examples/MAX78000/CNN/yolov1_demo3/build/cnn.o
 .rodata.kernels_46
                0x1003cc18     0x13e8 d:/Zhimeng/Software/MaximSDK/Examples/MAX78000/CNN/yolov1_demo3/build/cnn.o
 .rodata.kernels_47
                0x1003e000     0x13e8 d:/Zhimeng/Software/MaximSDK/Examples/MAX78000/CNN/yolov1_demo3/build/cnn.o
 .rodata.kernels_48
                0x1003f3e8     0x13e8 d:/Zhimeng/Software/MaximSDK/Examples/MAX78000/CNN/yolov1_demo3/build/cnn.o
 .rodata.kernels_49
                0x100407d0     0x13e8 d:/Zhimeng/Software/MaximSDK/Examples/MAX78000/CNN/yolov1_demo3/build/cnn.o
 .rodata.kernels_5
                0x10041bb8     0x1430 d:/Zhimeng/Software/MaximSDK/Examples/MAX78000/CNN/yolov1_demo3/build/cnn.o
 .rodata.kernels_50
                0x10042fe8     0x13e8 d:/Zhimeng/Software/MaximSDK/Examples/MAX78000/CNN/yolov1_demo3/build/cnn.o
 .rodata.kernels_51
                0x100443d0     0x13e8 d:/Zhimeng/Software/MaximSDK/Examples/MAX78000/CNN/yolov1_demo3/build/cnn.o
 .rodata.kernels_52
                0x100457b8     0x13e8 d:/Zhimeng/Software/MaximSDK/Examples/MAX78000/CNN/yolov1_demo3/build/cnn.o
 .rodata.kernels_53
                0x10046ba0     0x13e8 d:/Zhimeng/Software/MaximSDK/Examples/MAX78000/CNN/yolov1_demo3/build/cnn.o
 .rodata.kernels_54
                0x10047f88     0x13e8 d:/Zhimeng/Software/MaximSDK/Examples/MAX78000/CNN/yolov1_demo3/build/cnn.o
 .rodata.kernels_55
                0x10049370     0x13e8 d:/Zhimeng/Software/MaximSDK/Examples/MAX78000/CNN/yolov1_demo3/build/cnn.o
 .rodata.kernels_56
                0x1004a758     0x13e8 d:/Zhimeng/Software/MaximSDK/Examples/MAX78000/CNN/yolov1_demo3/build/cnn.o
 .rodata.kernels_57
                0x1004bb40     0x13e8 d:/Zhimeng/Software/MaximSDK/Examples/MAX78000/CNN/yolov1_demo3/build/cnn.o
 .rodata.kernels_58
                0x1004cf28     0x13e8 d:/Zhimeng/Software/MaximSDK/Examples/MAX78000/CNN/yolov1_demo3/build/cnn.o
 .rodata.kernels_59
                0x1004e310     0x13e8 d:/Zhimeng/Software/MaximSDK/Examples/MAX78000/CNN/yolov1_demo3/build/cnn.o
 .rodata.kernels_6
                0x1004f6f8     0x1430 d:/Zhimeng/Software/MaximSDK/Examples/MAX78000/CNN/yolov1_demo3/build/cnn.o
 .rodata.kernels_60
                0x10050b28     0x13e8 d:/Zhimeng/Software/MaximSDK/Examples/MAX78000/CNN/yolov1_demo3/build/cnn.o
 .rodata.kernels_61
                0x10051f10     0x13e8 d:/Zhimeng/Software/MaximSDK/Examples/MAX78000/CNN/yolov1_demo3/build/cnn.o
 .rodata.kernels_62
                0x100532f8     0x13e8 d:/Zhimeng/Software/MaximSDK/Examples/MAX78000/CNN/yolov1_demo3/build/cnn.o
 .rodata.kernels_63
                0x100546e0     0x13e8 d:/Zhimeng/Software/MaximSDK/Examples/MAX78000/CNN/yolov1_demo3/build/cnn.o
 .rodata.kernels_7
                0x10055ac8     0x1430 d:/Zhimeng/Software/MaximSDK/Examples/MAX78000/CNN/yolov1_demo3/build/cnn.o
 .rodata.kernels_8
                0x10056ef8     0x1430 d:/Zhimeng/Software/MaximSDK/Examples/MAX78000/CNN/yolov1_demo3/build/cnn.o
 .rodata.kernels_9
                0x10058328     0x1430 d:/Zhimeng/Software/MaximSDK/Examples/MAX78000/CNN/yolov1_demo3/build/cnn.o
 .rodata.lut    0x10059758      0x200 d:/Zhimeng/Software/MaximSDK/Examples/MAX78000/CNN/yolov1_demo3/build/sigmoid.o
 .rodata.mxc_assert.str1.4
                0x10059958       0x19 d:/Zhimeng/Software/MaximSDK/Examples/MAX78000/CNN/yolov1_demo3/build/board.o
 *fill*         0x10059971        0x3 
 .rodata.Board_Init.str1.4
                0x10059974       0x55 d:/Zhimeng/Software/MaximSDK/Examples/MAX78000/CNN/yolov1_demo3/build/board.o
 *fill*         0x100599c9        0x3 
 .rodata.led_pin
                0x100599cc       0x18 d:/Zhimeng/Software/MaximSDK/Examples/MAX78000/CNN/yolov1_demo3/build/board.o
                0x100599cc                led_pin
 .rodata.num_leds
                0x100599e4        0x4 d:/Zhimeng/Software/MaximSDK/Examples/MAX78000/CNN/yolov1_demo3/build/board.o
                0x100599e4                num_leds
 .rodata.num_pbs
                0x100599e8        0x4 d:/Zhimeng/Software/MaximSDK/Examples/MAX78000/CNN/yolov1_demo3/build/board.o
                0x100599e8                num_pbs
 .rodata.pb_pin
                0x100599ec       0x18 d:/Zhimeng/Software/MaximSDK/Examples/MAX78000/CNN/yolov1_demo3/build/board.o
                0x100599ec                pb_pin
 .rodata.LED_On.str1.4
                0x10059a04       0x5f d:/Zhimeng/Software/MaximSDK/Examples/MAX78000/CNN/yolov1_demo3/build/led.o
 *fill*         0x10059a63        0x1 
 .rodata.gpio_cfg_tmr0
                0x10059a64        0xc d:/Zhimeng/Software/MaximSDK/Libraries/PeriphDrivers/bin/MAX78000/softfp/libPeriphDriver_softfp.a(pins_ai85.o)
                0x10059a64                gpio_cfg_tmr0
 .rodata.gpio_cfg_tmr0b
                0x10059a70        0xc d:/Zhimeng/Software/MaximSDK/Libraries/PeriphDrivers/bin/MAX78000/softfp/libPeriphDriver_softfp.a(pins_ai85.o)
                0x10059a70                gpio_cfg_tmr0b
 .rodata.gpio_cfg_tmr1
                0x10059a7c        0xc d:/Zhimeng/Software/MaximSDK/Libraries/PeriphDrivers/bin/MAX78000/softfp/libPeriphDriver_softfp.a(pins_ai85.o)
                0x10059a7c                gpio_cfg_tmr1
 .rodata.gpio_cfg_tmr1b
                0x10059a88        0xc d:/Zhimeng/Software/MaximSDK/Libraries/PeriphDrivers/bin/MAX78000/softfp/libPeriphDriver_softfp.a(pins_ai85.o)
                0x10059a88                gpio_cfg_tmr1b
 .rodata.gpio_cfg_tmr2
                0x10059a94        0xc d:/Zhimeng/Software/MaximSDK/Libraries/PeriphDrivers/bin/MAX78000/softfp/libPeriphDriver_softfp.a(pins_ai85.o)
                0x10059a94                gpio_cfg_tmr2
 .rodata.gpio_cfg_tmr2b
                0x10059aa0        0xc d:/Zhimeng/Software/MaximSDK/Libraries/PeriphDrivers/bin/MAX78000/softfp/libPeriphDriver_softfp.a(pins_ai85.o)
                0x10059aa0                gpio_cfg_tmr2b
 .rodata.gpio_cfg_tmr3
                0x10059aac        0xc d:/Zhimeng/Software/MaximSDK/Libraries/PeriphDrivers/bin/MAX78000/softfp/libPeriphDriver_softfp.a(pins_ai85.o)
                0x10059aac                gpio_cfg_tmr3
 .rodata.gpio_cfg_tmr3b
                0x10059ab8        0xc d:/Zhimeng/Software/MaximSDK/Libraries/PeriphDrivers/bin/MAX78000/softfp/libPeriphDriver_softfp.a(pins_ai85.o)
                0x10059ab8                gpio_cfg_tmr3b
 .rodata.gpio_cfg_tmr4
                0x10059ac4        0xc d:/Zhimeng/Software/MaximSDK/Libraries/PeriphDrivers/bin/MAX78000/softfp/libPeriphDriver_softfp.a(pins_ai85.o)
                0x10059ac4                gpio_cfg_tmr4
 .rodata.gpio_cfg_tmr5
                0x10059ad0        0xc d:/Zhimeng/Software/MaximSDK/Libraries/PeriphDrivers/bin/MAX78000/softfp/libPeriphDriver_softfp.a(pins_ai85.o)
                0x10059ad0                gpio_cfg_tmr5
 .rodata.gpio_cfg_uart0
                0x10059adc        0xc d:/Zhimeng/Software/MaximSDK/Libraries/PeriphDrivers/bin/MAX78000/softfp/libPeriphDriver_softfp.a(pins_ai85.o)
                0x10059adc                gpio_cfg_uart0
 .rodata.gpio_cfg_uart1
                0x10059ae8        0xc d:/Zhimeng/Software/MaximSDK/Libraries/PeriphDrivers/bin/MAX78000/softfp/libPeriphDriver_softfp.a(pins_ai85.o)
                0x10059ae8                gpio_cfg_uart1
 .rodata.gpio_cfg_uart2
                0x10059af4        0xc d:/Zhimeng/Software/MaximSDK/Libraries/PeriphDrivers/bin/MAX78000/softfp/libPeriphDriver_softfp.a(pins_ai85.o)
                0x10059af4                gpio_cfg_uart2
 .rodata.gpio_cfg_uart3
                0x10059b00        0xc d:/Zhimeng/Software/MaximSDK/Libraries/PeriphDrivers/bin/MAX78000/softfp/libPeriphDriver_softfp.a(pins_ai85.o)
                0x10059b00                gpio_cfg_uart3
 .rodata.MXC_TMR_Init.str1.4
                0x10059b0c       0x60 d:/Zhimeng/Software/MaximSDK/Libraries/PeriphDrivers/bin/MAX78000/softfp/libPeriphDriver_softfp.a(tmr_ai85.o)
 .rodata.MXC_TMR_RevB_ConfigGeneric.str1.4
                0x10059b6c       0x54 d:/Zhimeng/Software/MaximSDK/Libraries/PeriphDrivers/bin/MAX78000/softfp/libPeriphDriver_softfp.a(tmr_revb.o)
                                 0x60 (size before relaxing)
 .rodata.MXC_GPIO_Common_Handler.str1.4
                0x10059bc0       0x76 d:/Zhimeng/Software/MaximSDK/Libraries/PeriphDrivers/bin/MAX78000/softfp/libPeriphDriver_softfp.a(gpio_common.o)
 *fill*         0x10059c36        0x2 
 .rodata._global_impure_ptr
                0x10059c38        0x4 d:/zhimeng/software/maximsdk/tools/gnutools/bin/../lib/gcc/arm-none-eabi/9.2.1/../../../../arm-none-eabi/lib/thumb/v7e-m+fp/softfp\libc.a(lib_a-impure.o)
                0x10059c38                _global_impure_ptr
 .rodata._puts_r.str1.4
                0x10059c3c        0x2 d:/zhimeng/software/maximsdk/tools/gnutools/bin/../lib/gcc/arm-none-eabi/9.2.1/../../../../arm-none-eabi/lib/thumb/v7e-m+fp/softfp\libc.a(lib_a-puts.o)
 *fill*         0x10059c3e        0x2 
 .rodata._vfprintf_r.str1.4
                0x10059c40       0x42 d:/zhimeng/software/maximsdk/tools/gnutools/bin/../lib/gcc/arm-none-eabi/9.2.1/../../../../arm-none-eabi/lib/thumb/v7e-m+fp/softfp\libc.a(lib_a-vfprintf.o)
 *fill*         0x10059c82        0x2 
 .rodata.blanks.8723
                0x10059c84       0x10 d:/zhimeng/software/maximsdk/tools/gnutools/bin/../lib/gcc/arm-none-eabi/9.2.1/../../../../arm-none-eabi/lib/thumb/v7e-m+fp/softfp\libc.a(lib_a-vfprintf.o)
 .rodata.zeroes.8724
                0x10059c94       0x10 d:/zhimeng/software/maximsdk/tools/gnutools/bin/../lib/gcc/arm-none-eabi/9.2.1/../../../../arm-none-eabi/lib/thumb/v7e-m+fp/softfp\libc.a(lib_a-vfprintf.o)
 .rodata._dtoa_r.str1.4
                0x10059ca4        0xd d:/zhimeng/software/maximsdk/tools/gnutools/bin/../lib/gcc/arm-none-eabi/9.2.1/../../../../arm-none-eabi/lib/thumb/v7e-m+fp/softfp\libc.a(lib_a-dtoa.o)
                                 0x12 (size before relaxing)
 *fill*         0x10059cb1        0x7 
 .rodata.__mprec_bigtens
                0x10059cb8       0x28 d:/zhimeng/software/maximsdk/tools/gnutools/bin/../lib/gcc/arm-none-eabi/9.2.1/../../../../arm-none-eabi/lib/thumb/v7e-m+fp/softfp\libc.a(lib_a-mprec.o)
                0x10059cb8                __mprec_bigtens
 .rodata.__mprec_tens
                0x10059ce0       0xc8 d:/zhimeng/software/maximsdk/tools/gnutools/bin/../lib/gcc/arm-none-eabi/9.2.1/../../../../arm-none-eabi/lib/thumb/v7e-m+fp/softfp\libc.a(lib_a-mprec.o)
                0x10059ce0                __mprec_tens
 .rodata.p05.7478
                0x10059da8        0xc d:/zhimeng/software/maximsdk/tools/gnutools/bin/../lib/gcc/arm-none-eabi/9.2.1/../../../../arm-none-eabi/lib/thumb/v7e-m+fp/softfp\libc.a(lib_a-mprec.o)
 .rodata._setlocale_r.str1.4
                0x10059db4        0xa d:/zhimeng/software/maximsdk/tools/gnutools/bin/../lib/gcc/arm-none-eabi/9.2.1/../../../../arm-none-eabi/lib/thumb/v7e-m+fp/softfp\libc.a(lib_a-locale.o)
                                  0xd (size before relaxing)
 *fill*         0x10059dbe        0x2 
 .rodata.str1.4
                0x10059dc0        0x2 d:/zhimeng/software/maximsdk/tools/gnutools/bin/../lib/gcc/arm-none-eabi/9.2.1/../../../../arm-none-eabi/lib/thumb/v7e-m+fp/softfp\libc.a(lib_a-locale.o)
 *fill*         0x10059dc2        0x2 
 .rodata._ctype_
                0x10059dc4      0x101 d:/zhimeng/software/maximsdk/tools/gnutools/bin/../lib/gcc/arm-none-eabi/9.2.1/../../../../arm-none-eabi/lib/thumb/v7e-m+fp/softfp\libc.a(lib_a-ctype_.o)
                0x10059dc4                _ctype_
 *(.init)
 *fill*         0x10059ec5        0x3 
 .init          0x10059ec8        0x4 d:/zhimeng/software/maximsdk/tools/gnutools/bin/../lib/gcc/arm-none-eabi/9.2.1/thumb/v7e-m+fp/softfp/crti.o
                0x10059ec8                _init
 .init          0x10059ecc        0x8 d:/zhimeng/software/maximsdk/tools/gnutools/bin/../lib/gcc/arm-none-eabi/9.2.1/thumb/v7e-m+fp/softfp/crtn.o
 *(.fini)
 .fini          0x10059ed4        0x4 d:/zhimeng/software/maximsdk/tools/gnutools/bin/../lib/gcc/arm-none-eabi/9.2.1/thumb/v7e-m+fp/softfp/crti.o
                0x10059ed4                _fini
 .fini          0x10059ed8        0x8 d:/zhimeng/software/maximsdk/tools/gnutools/bin/../lib/gcc/arm-none-eabi/9.2.1/thumb/v7e-m+fp/softfp/crtn.o
 *(.eh_frame*)
 .eh_frame      0x10059ee0        0x0 d:/zhimeng/software/maximsdk/tools/gnutools/bin/../lib/gcc/arm-none-eabi/9.2.1/thumb/v7e-m+fp/softfp/crtbegin.o
 .eh_frame      0x10059ee0        0x4 d:/zhimeng/software/maximsdk/tools/gnutools/bin/../lib/gcc/arm-none-eabi/9.2.1/thumb/v7e-m+fp/softfp/crtend.o
                0x10059ee4                _etext = .

.glue_7         0x10059ee4        0x0
 .glue_7        0x10059ee4        0x0 linker stubs

.glue_7t        0x10059ee4        0x0
 .glue_7t       0x10059ee4        0x0 linker stubs

.vfp11_veneer   0x10059ee4        0x0
 .vfp11_veneer  0x10059ee4        0x0 linker stubs

.v4_bx          0x10059ee4        0x0
 .v4_bx         0x10059ee4        0x0 linker stubs

.iplt           0x10059ee4        0x0
 .iplt          0x10059ee4        0x0 d:/zhimeng/software/maximsdk/tools/gnutools/bin/../lib/gcc/arm-none-eabi/9.2.1/thumb/v7e-m+fp/softfp/crtbegin.o

.bin_storage    0x10059ee4        0x0
 FILL mask 0xff
                0x10059ee4                _bin_start_ = .
 *(.bin_storage_img)
                0x10059ee4                _bin_end_ = .
                0x10059ee4                . = ALIGN (0x4)

.rom_code       0x00000000        0x0
                0x00000000                . = ALIGN (0x10)
                0x20000000                _sran_code = .
 *(.rom_code_section)
                0x20000000                _esran_code = .

.flash_code     0x10059ee4        0xc
                0x10059ef0                . = ALIGN (0x10)
 *fill*         0x10059ee4        0xc 
                0x20000000                _sran_code = .
 *(.flash_code_section)
                0x20000000                _esran_code = .

.sram_code      0x20000000        0x0
                0x20000000                . = ALIGN (0x10)
                0x20000000                _sran_code = .
 *(.sram_code_section)
                0x20000000                _esran_code = .

.ARM.exidx      0x10059ef0        0x8
                0x10059ef0                __exidx_start = .
 *(.ARM.exidx*)
 .ARM.exidx     0x10059ef0        0x8 d:/zhimeng/software/maximsdk/tools/gnutools/bin/../lib/gcc/arm-none-eabi/9.2.1/thumb/v7e-m+fp/softfp\libgcc.a(_udivmoddi4.o)
                0x10059ef8                __exidx_end = .

.rel.dyn        0x10059ef8        0x0
 .rel.iplt      0x10059ef8        0x0 d:/zhimeng/software/maximsdk/tools/gnutools/bin/../lib/gcc/arm-none-eabi/9.2.1/thumb/v7e-m+fp/softfp/crtbegin.o

.data           0x20000000      0x9c4 load address 0x10059ef8
                0x20000000                _data = ALIGN (., 0x4)
 *(.data*)
 .data.ConsoleUart
                0x20000000        0x4 d:/Zhimeng/Software/MaximSDK/Examples/MAX78000/CNN/yolov1_demo3/build/board.o
                0x20000000                ConsoleUart
 .data.overflows
                0x20000004        0x4 d:/Zhimeng/Software/MaximSDK/Libraries/PeriphDrivers/bin/MAX78000/softfp/libPeriphDriver_softfp.a(mxc_delay.o)
 .data._impure_ptr
                0x20000008        0x4 d:/zhimeng/software/maximsdk/tools/gnutools/bin/../lib/gcc/arm-none-eabi/9.2.1/../../../../arm-none-eabi/lib/thumb/v7e-m+fp/softfp\libc.a(lib_a-impure.o)
                0x20000008                _impure_ptr
 *fill*         0x2000000c        0x4 
 .data.impure_data
                0x20000010      0x428 d:/zhimeng/software/maximsdk/tools/gnutools/bin/../lib/gcc/arm-none-eabi/9.2.1/../../../../arm-none-eabi/lib/thumb/v7e-m+fp/softfp\libc.a(lib_a-impure.o)
 .data.__malloc_av_
                0x20000438      0x408 d:/zhimeng/software/maximsdk/tools/gnutools/bin/../lib/gcc/arm-none-eabi/9.2.1/../../../../arm-none-eabi/lib/thumb/v7e-m+fp/softfp\libc.a(lib_a-mallocr.o)
                0x20000438                __malloc_av_
 .data.__malloc_sbrk_base
                0x20000840        0x4 d:/zhimeng/software/maximsdk/tools/gnutools/bin/../lib/gcc/arm-none-eabi/9.2.1/../../../../arm-none-eabi/lib/thumb/v7e-m+fp/softfp\libc.a(lib_a-mallocr.o)
                0x20000840                __malloc_sbrk_base
 .data.__malloc_trim_threshold
                0x20000844        0x4 d:/zhimeng/software/maximsdk/tools/gnutools/bin/../lib/gcc/arm-none-eabi/9.2.1/../../../../arm-none-eabi/lib/thumb/v7e-m+fp/softfp\libc.a(lib_a-mallocr.o)
                0x20000844                __malloc_trim_threshold
 .data.__atexit_recursive_mutex
                0x20000848        0x4 d:/zhimeng/software/maximsdk/tools/gnutools/bin/../lib/gcc/arm-none-eabi/9.2.1/../../../../arm-none-eabi/lib/thumb/v7e-m+fp/softfp\libc.a(lib_a-__call_atexit.o)
                0x20000848                __atexit_recursive_mutex
 .data.__global_locale
                0x2000084c      0x16c d:/zhimeng/software/maximsdk/tools/gnutools/bin/../lib/gcc/arm-none-eabi/9.2.1/../../../../arm-none-eabi/lib/thumb/v7e-m+fp/softfp\libc.a(lib_a-locale.o)
                0x2000084c                __global_locale
                0x200009b8                . = ALIGN (0x4)
                0x200009b8                PROVIDE (__preinit_array_start = .)
 *(.preinit_array)
                0x200009b8                PROVIDE (__preinit_array_end = .)
                0x200009b8                . = ALIGN (0x4)
                0x200009b8                PROVIDE (__init_array_start = .)
 *(SORT_BY_NAME(.init_array.*))
 .init_array.00000
                0x200009b8        0x4 d:/zhimeng/software/maximsdk/tools/gnutools/bin/../lib/gcc/arm-none-eabi/9.2.1/../../../../arm-none-eabi/lib/thumb/v7e-m+fp/softfp\libc.a(lib_a-__call_atexit.o)
 *(.init_array)
 .init_array    0x200009bc        0x4 d:/zhimeng/software/maximsdk/tools/gnutools/bin/../lib/gcc/arm-none-eabi/9.2.1/thumb/v7e-m+fp/softfp/crtbegin.o
                0x200009c0                PROVIDE (__init_array_end = .)
                0x200009c0                . = ALIGN (0x4)
                0x200009c0                PROVIDE (__fini_array_start = .)
 *(SORT_BY_NAME(.fini_array.*))
 *(.fini_array)
 .fini_array    0x200009c0        0x4 d:/zhimeng/software/maximsdk/tools/gnutools/bin/../lib/gcc/arm-none-eabi/9.2.1/thumb/v7e-m+fp/softfp/crtbegin.o
                0x200009c4                PROVIDE (__fini_array_end = .)
                0x200009c4                _edata = ALIGN (., 0x4)
                0x10059ef8                __load_data = LOADADDR (.data)

.igot.plt       0x200009c4        0x0 load address 0x1005a8bc
 .igot.plt      0x200009c4        0x0 d:/zhimeng/software/maximsdk/tools/gnutools/bin/../lib/gcc/arm-none-eabi/9.2.1/thumb/v7e-m+fp/softfp/crtbegin.o

.bss            0x20000a00     0x4308 load address 0x1005a8bc
                0x20000a00                . = ALIGN (0x4)
                0x20000a00                _bss = .
 *(.bss*)
 .bss           0x20000a00       0x1c d:/zhimeng/software/maximsdk/tools/gnutools/bin/../lib/gcc/arm-none-eabi/9.2.1/thumb/v7e-m+fp/softfp/crtbegin.o
 .bss.max_box   0x20000a1c       0x30 d:/Zhimeng/Software/MaximSDK/Examples/MAX78000/CNN/yolov1_demo3/build/main_faceid.o
 .bss.ml_data   0x20000a4c      0xb7c d:/Zhimeng/Software/MaximSDK/Examples/MAX78000/CNN/yolov1_demo3/build/main_faceid.o
 .bss.ml_array.9928
                0x200015c8      0xb7c d:/Zhimeng/Software/MaximSDK/Examples/MAX78000/CNN/yolov1_demo3/build/utils_faceid.o
 .bss.heap_end  0x20002144        0x4 d:/Zhimeng/Software/MaximSDK/Examples/MAX78000/CNN/yolov1_demo3/build/heap.o
 .bss.cbFunc    0x20002148        0x4 d:/Zhimeng/Software/MaximSDK/Libraries/PeriphDrivers/bin/MAX78000/softfp/libPeriphDriver_softfp.a(mxc_delay.o)
 .bss.ctrl_save
                0x2000214c        0x4 d:/Zhimeng/Software/MaximSDK/Libraries/PeriphDrivers/bin/MAX78000/softfp/libPeriphDriver_softfp.a(mxc_delay.o)
 .bss.endtick   0x20002150        0x4 d:/Zhimeng/Software/MaximSDK/Libraries/PeriphDrivers/bin/MAX78000/softfp/libPeriphDriver_softfp.a(mxc_delay.o)
 *fill*         0x20002154       0xac 
 .bss.ramVectorTable
                0x20002200      0x1e0 d:/Zhimeng/Software/MaximSDK/Libraries/PeriphDrivers/bin/MAX78000/softfp/libPeriphDriver_softfp.a(nvic_table.o)
 .bss.callback  0x200023e0      0x200 d:/Zhimeng/Software/MaximSDK/Libraries/PeriphDrivers/bin/MAX78000/softfp/libPeriphDriver_softfp.a(gpio_common.o)
 .bss.cbparam   0x200025e0      0x200 d:/Zhimeng/Software/MaximSDK/Libraries/PeriphDrivers/bin/MAX78000/softfp/libPeriphDriver_softfp.a(gpio_common.o)
 .bss.initialized
                0x200027e0        0x1 d:/Zhimeng/Software/MaximSDK/Libraries/PeriphDrivers/bin/MAX78000/softfp/libPeriphDriver_softfp.a(gpio_common.o)
 *fill*         0x200027e1        0x3 
 .bss.__malloc_current_mallinfo
                0x200027e4       0x28 d:/zhimeng/software/maximsdk/tools/gnutools/bin/../lib/gcc/arm-none-eabi/9.2.1/../../../../arm-none-eabi/lib/thumb/v7e-m+fp/softfp\libc.a(lib_a-mallocr.o)
                0x200027e4                __malloc_current_mallinfo
 .bss.__malloc_max_sbrked_mem
                0x2000280c        0x4 d:/zhimeng/software/maximsdk/tools/gnutools/bin/../lib/gcc/arm-none-eabi/9.2.1/../../../../arm-none-eabi/lib/thumb/v7e-m+fp/softfp\libc.a(lib_a-mallocr.o)
                0x2000280c                __malloc_max_sbrked_mem
 .bss.__malloc_max_total_mem
                0x20002810        0x4 d:/zhimeng/software/maximsdk/tools/gnutools/bin/../lib/gcc/arm-none-eabi/9.2.1/../../../../arm-none-eabi/lib/thumb/v7e-m+fp/softfp\libc.a(lib_a-mallocr.o)
                0x20002810                __malloc_max_total_mem
 .bss.__malloc_top_pad
                0x20002814        0x4 d:/zhimeng/software/maximsdk/tools/gnutools/bin/../lib/gcc/arm-none-eabi/9.2.1/../../../../arm-none-eabi/lib/thumb/v7e-m+fp/softfp\libc.a(lib_a-mallocr.o)
                0x20002814                __malloc_top_pad
 *(COMMON)
 COMMON         0x20002818        0x4 d:/Zhimeng/Software/MaximSDK/Examples/MAX78000/CNN/yolov1_demo3/build/main_faceid.o
                0x20002818                cnn_time
 COMMON         0x2000281c     0x24c4 d:/Zhimeng/Software/MaximSDK/Examples/MAX78000/CNN/yolov1_demo3/build/utils_faceid.o
                0x2000281c                cnt
                0x20002820                rxBuffer
 COMMON         0x20004ce0       0x21 d:/zhimeng/software/maximsdk/tools/gnutools/bin/../lib/gcc/arm-none-eabi/9.2.1/../../../../arm-none-eabi/lib/thumb/v7e-m+fp/softfp\libc.a(lib_a-lock.o)
                0x20004ce0                __lock___atexit_recursive_mutex
                0x20004ce4                __lock___arc4random_mutex
                0x20004ce8                __lock___env_recursive_mutex
                0x20004cec                __lock___sinit_recursive_mutex
                0x20004cf0                __lock___malloc_recursive_mutex
                0x20004cf4                __lock___at_quick_exit_mutex
                0x20004cf8                __lock___dd_hash_mutex
                0x20004cfc                __lock___tz_mutex
                0x20004d00                __lock___sfp_recursive_mutex
 *fill*         0x20004d01        0x3 
 COMMON         0x20004d04        0x4 d:/zhimeng/software/maximsdk/tools/gnutools/bin/../lib/gcc/arm-none-eabi/9.2.1/../../../../arm-none-eabi/lib/thumb/v7e-m+fp/softfp\libc.a(lib_a-reent.o)
                0x20004d04                errno
                0x20004d08                _ebss = ALIGN (., 0x4)

.shared         0x20004d08        0x4 load address 0x1005a8bc
                0x20004d08                . = ALIGN (0x4)
                0x20004d08                _shared = .
 *(.mailbox*)
                0x20004d08                . = ALIGN (0x4)
 *(.shared*)
 .shared        0x20004d08        0x4 d:/Zhimeng/Software/MaximSDK/Examples/MAX78000/CNN/yolov1_demo3/build/system_max78000.o
                0x20004d08                SystemCoreClock
                0x20004d0c                _eshared = ALIGN (., 0x4)
                0x1005a8bc                __shared_data = LOADADDR (.shared)
                0x20020000                __StackTop = (ORIGIN (SRAM) + LENGTH (SRAM))
                0x2001f000                __StackLimit = (__StackTop - SIZEOF (.stack_dummy))

.stack_dummy    0x20004d10     0x1000 load address 0x1005a8c0
 *(.stack*)
 .stack         0x20004d10     0x1000 d:/Zhimeng/Software/MaximSDK/Examples/MAX78000/CNN/yolov1_demo3/build/startup_max78000.o

.heap           0x20004d10      0xc00 load address 0x1005a8c0
                0x20004d10                . = ALIGN (0x4)
 *(.heap*)
 .heap          0x20004d10      0xc00 d:/Zhimeng/Software/MaximSDK/Examples/MAX78000/CNN/yolov1_demo3/build/startup_max78000.o
                0x20004d10                __HeapBase